Component: ARM Compiler 5.06 update 5 (build 528) Tool: armlink [4d35e2]

==============================================================================

Section Cross References

    startup_stm32f10x_md.o(STACK) refers (Special) to heapauxi.o(.text) for __use_two_region_memory
    startup_stm32f10x_md.o(HEAP) refers (Special) to heapauxi.o(.text) for __use_two_region_memory
    startup_stm32f10x_md.o(RESET) refers (Special) to heapauxi.o(.text) for __use_two_region_memory
    startup_stm32f10x_md.o(RESET) refers to startup_stm32f10x_md.o(STACK) for __initial_sp
    startup_stm32f10x_md.o(RESET) refers to startup_stm32f10x_md.o(.text) for Reset_Handler
    startup_stm32f10x_md.o(RESET) refers to stm32f10x_it.o(i.NMI_Handler) for NMI_Handler
    startup_stm32f10x_md.o(RESET) refers to stm32f10x_it.o(i.HardFault_Handler) for HardFault_Handler
    startup_stm32f10x_md.o(RESET) refers to stm32f10x_it.o(i.MemManage_Handler) for MemManage_Handler
    startup_stm32f10x_md.o(RESET) refers to stm32f10x_it.o(i.BusFault_Handler) for BusFault_Handler
    startup_stm32f10x_md.o(RESET) refers to stm32f10x_it.o(i.UsageFault_Handler) for UsageFault_Handler
    startup_stm32f10x_md.o(RESET) refers to stm32f10x_it.o(i.SVC_Handler) for SVC_Handler
    startup_stm32f10x_md.o(RESET) refers to stm32f10x_it.o(i.DebugMon_Handler) for DebugMon_Handler
    startup_stm32f10x_md.o(RESET) refers to stm32f10x_it.o(i.PendSV_Handler) for PendSV_Handler
    startup_stm32f10x_md.o(RESET) refers to stm32f10x_it.o(i.SysTick_Handler) for SysTick_Handler
    startup_stm32f10x_md.o(RESET) refers to timer1.o(i.TIM1_UP_IRQHandler) for TIM1_UP_IRQHandler
    startup_stm32f10x_md.o(RESET) refers to stm32f10x_it.o(i.TIM2_IRQHandler) for TIM2_IRQHandler
    startup_stm32f10x_md.o(RESET) refers to stm32f10x_it.o(i.TIM3_IRQHandler) for TIM3_IRQHandler
    startup_stm32f10x_md.o(RESET) refers to stm32f10x_it.o(i.TIM4_IRQHandler) for TIM4_IRQHandler
    startup_stm32f10x_md.o(RESET) refers to serial.o(i.USART1_IRQHandler) for USART1_IRQHandler
    startup_stm32f10x_md.o(RESET) refers to stm32f10x_it.o(i.USART2_IRQHandler) for USART2_IRQHandler
    startup_stm32f10x_md.o(RESET) refers to stm32f10x_it.o(i.USART3_IRQHandler) for USART3_IRQHandler
    startup_stm32f10x_md.o(.text) refers (Special) to heapauxi.o(.text) for __use_two_region_memory
    startup_stm32f10x_md.o(.text) refers to system_stm32f10x.o(i.SystemInit) for SystemInit
    startup_stm32f10x_md.o(.text) refers to __main.o(!!!main) for __main
    startup_stm32f10x_md.o(.text) refers to startup_stm32f10x_md.o(HEAP) for Heap_Mem
    startup_stm32f10x_md.o(.text) refers to startup_stm32f10x_md.o(STACK) for Stack_Mem
    system_stm32f10x.o(i.SetSysClock) refers to system_stm32f10x.o(i.SetSysClockTo72) for SetSysClockTo72
    system_stm32f10x.o(i.SystemCoreClockUpdate) refers to system_stm32f10x.o(.data) for SystemCoreClock
    system_stm32f10x.o(i.SystemInit) refers to system_stm32f10x.o(i.SetSysClock) for SetSysClock
    stm32f10x_adc.o(i.ADC_DeInit) refers to stm32f10x_rcc.o(i.RCC_APB2PeriphResetCmd) for RCC_APB2PeriphResetCmd
    stm32f10x_bkp.o(i.BKP_DeInit) refers to stm32f10x_rcc.o(i.RCC_BackupResetCmd) for RCC_BackupResetCmd
    stm32f10x_can.o(i.CAN_DeInit) refers to stm32f10x_rcc.o(i.RCC_APB1PeriphResetCmd) for RCC_APB1PeriphResetCmd
    stm32f10x_can.o(i.CAN_GetITStatus) refers to stm32f10x_can.o(i.CheckITStatus) for CheckITStatus
    stm32f10x_cec.o(i.CEC_DeInit) refers to stm32f10x_rcc.o(i.RCC_APB1PeriphResetCmd) for RCC_APB1PeriphResetCmd
    stm32f10x_dac.o(i.DAC_DeInit) refers to stm32f10x_rcc.o(i.RCC_APB1PeriphResetCmd) for RCC_APB1PeriphResetCmd
    stm32f10x_flash.o(i.FLASH_EnableWriteProtection) refers to stm32f10x_flash.o(i.FLASH_WaitForLastOperation) for FLASH_WaitForLastOperation
    stm32f10x_flash.o(i.FLASH_EraseAllBank1Pages) refers to stm32f10x_flash.o(i.FLASH_WaitForLastBank1Operation) for FLASH_WaitForLastBank1Operation
    stm32f10x_flash.o(i.FLASH_EraseAllPages) refers to stm32f10x_flash.o(i.FLASH_WaitForLastOperation) for FLASH_WaitForLastOperation
    stm32f10x_flash.o(i.FLASH_EraseOptionBytes) refers to stm32f10x_flash.o(i.FLASH_GetReadOutProtectionStatus) for FLASH_GetReadOutProtectionStatus
    stm32f10x_flash.o(i.FLASH_EraseOptionBytes) refers to stm32f10x_flash.o(i.FLASH_WaitForLastOperation) for FLASH_WaitForLastOperation
    stm32f10x_flash.o(i.FLASH_ErasePage) refers to stm32f10x_flash.o(i.FLASH_WaitForLastOperation) for FLASH_WaitForLastOperation
    stm32f10x_flash.o(i.FLASH_ProgramHalfWord) refers to stm32f10x_flash.o(i.FLASH_WaitForLastOperation) for FLASH_WaitForLastOperation
    stm32f10x_flash.o(i.FLASH_ProgramOptionByteData) refers to stm32f10x_flash.o(i.FLASH_WaitForLastOperation) for FLASH_WaitForLastOperation
    stm32f10x_flash.o(i.FLASH_ProgramWord) refers to stm32f10x_flash.o(i.FLASH_WaitForLastOperation) for FLASH_WaitForLastOperation
[...]
    _get_lc_collate                           - Undefined Weak Reference
    _get_lc_monetary                          - Undefined Weak Reference
    _get_lc_time                              - Undefined Weak Reference
    _getenv_init                              - Undefined Weak Reference
    _handle_redirection                       - Undefined Weak Reference
    _init_alloc                               - Undefined Weak Reference
    _init_user_alloc                          - Undefined Weak Reference
    _initio                                   - Undefined Weak Reference
    _printf_mbtowc                            - Undefined Weak Reference
    _printf_wc                                - Undefined Weak Reference
    _rand_init                                - Undefined Weak Reference
    _signal_finish                            - Undefined Weak Reference
    _signal_init                              - Undefined Weak Reference
    _terminate_alloc                          - Undefined Weak Reference
    _terminate_user_alloc                     - Undefined Weak Reference
    _terminateio                              - Undefined Weak Reference
    __Vectors_Size                           0x000000ec   Number         0  startup_stm32f10x_md.o ABSOLUTE
    __Vectors                                0x08000000   Data           4  startup_stm32f10x_md.o(RESET)
    __Vectors_End                            0x080000ec   Data           0  startup_stm32f10x_md.o(RESET)
    __main                                   0x080000ed   Thumb Code     8  __main.o(!!!main)
    __scatterload                            0x080000f5   Thumb Code     0  __scatter.o(!!!scatter)
    __scatterload_rt2                        0x080000f5   Thumb Code    44  __scatter.o(!!!scatter)
    __scatterload_rt2_thumb_only             0x080000f5   Thumb Code     0  __scatter.o(!!!scatter)
    __scatterload_null                       0x08000103   Thumb Code     0  __scatter.o(!!!scatter)
    __scatterload_copy                       0x08000129   Thumb Code    26  __scatter_copy.o(!!handler_copy)
    __scatterload_zeroinit                   0x08000145   Thumb Code    28  __scatter_zi.o(!!handler_zi)
    _printf_n                                0x08000161   Thumb Code     0  _printf_n.o(.ARM.Collect$$_printf_percent$$00000001)
    _printf_percent                          0x08000161   Thumb Code     0  _printf_percent.o(.ARM.Collect$$_printf_percent$$00000000)
    _printf_p                                0x08000167   Thumb Code     0  _printf_p.o(.ARM.Collect$$_printf_percent$$00000002)
    _printf_f                                0x0800016d   Thumb Code     0  _printf_f.o(.ARM.Collect$$_printf_percent$$00000003)
    _printf_e                                0x08000173   Thumb Code     0  _printf_e.o(.ARM.Collect$$_printf_percent$$00000004)
    _printf_g                                0x08000179   Thumb Code     0  _printf_g.o(.ARM.Collect$$_printf_percent$$00000005)
    _printf_a                                0x0800017f   Thumb Code     0  _printf_a.o(.ARM.Collect$$_printf_percent$$00000006)
    _printf_ll                               0x08000185   Thumb Code     0  _printf_ll.o(.ARM.Collect$$_printf_percent$$00000007)
    _printf_i                                0x0800018f   Thumb Code     0  _printf_i.o(.ARM.Collect$$_printf_percent$$00000008)
    _printf_d                                0x08000195   Thumb Code     0  _printf_d.o(.ARM.Collect$$_printf_percent$$00000009)
    _printf_u                                0x0800019b   Thumb Code     0  _printf_u.o(.ARM.Collect$$_printf_percent$$0000000A)
    _printf_o                                0x080001a1   Thumb Code     0  _printf_o.o(.ARM.Collect$$_printf_percent$$0000000B)
    _printf_x                                0x080001a7   Thumb Code     0  _printf_x.o(.ARM.Collect$$_printf_percent$$0000000C)
    _printf_lli                              0x080001ad   Thumb Code     0  _printf_lli.o(.ARM.Collect$$_printf_percent$$0000000D)
    _printf_lld                              0x080001b3   Thumb Code     0  _printf_lld.o(.ARM.Collect$$_printf_percent$$0000000E)
    _printf_llu                              0x080001b9   Thumb Code     0  _printf_llu.o(.ARM.Collect$$_printf_percent$$0000000F)
    _printf_llo                              0x080001bf   Thumb Code     0  _printf_llo.o(.ARM.Collect$$_printf_percent$$00000010)
    _printf_llx                              0x080001c5   Thumb Code     0  _printf_llx.o(.ARM.Collect$$_printf_percent$$00000011)
    _printf_l                                0x080001cb   Thumb Code     0  _printf_l.o(.ARM.Collect$$_printf_percent$$00000012)
    _printf_c                                0x080001d5   Thumb Code     0  _printf_c.o(.ARM.Collect$$_printf_percent$$00000013)
    _printf_s                                0x080001db   Thumb Code     0  _printf_s.o(.ARM.Collect$$_printf_percent$$00000014)
    _printf_lc                               0x080001e1   Thumb Code     0  _printf_lc.o(.ARM.Collect$$_printf_percent$$00000015)
    _printf_ls                               0x080001e7   Thumb Code     0  _printf_ls.o(.ARM.Collect$$_printf_percent$$00000016)
    _printf_percent_end                      0x080001ed   Thumb Code     0  _printf_percent_end.o(.ARM.Collect$$_printf_percent$$00000017)
    __rt_lib_init                            0x080001f1   Thumb Code     0  libinit.o(.ARM.Collect$$libinit$$00000000)
    __rt_lib_init_fp_1                       0x080001f3   Thumb Code     0  libinit2.o(.ARM.Collect$$libinit$$00000002)
    __rt_lib_init_heap_1                     0x080001f3   Thumb Code     0  libinit2.o(.ARM.Collect$$libinit$$0000000A)
    __rt_lib_init_lc_common                  0x080001f3   Thumb Code     0  libinit2.o(.ARM.Collect$$libinit$$0000000F)
    __rt_lib_init_preinit_1                  0x080001f3   Thumb Code     0  libinit2.o(.ARM.Collect$$libinit$$00000004)
    __rt_lib_init_rand_1                     0x080001f3   Thumb Code     0  libinit2.o(.ARM.Collect$$libinit$$0000000E)
    __rt_lib_init_user_alloc_1               0x080001f3   Thumb Code     0  libinit2.o(.ARM.Collect$$libinit$$0000000C)
    __rt_lib_init_lc_collate_1               0x080001f9   Thumb Code     0  libinit2.o(.ARM.Collect$$libinit$$00000011)
    __rt_lib_init_lc_ctype_2                 0x080001f9   Thumb Code     0  libinit2.o(.ARM.Collect$$libinit$$00000012)
    __rt_lib_init_lc_ctype_1                 0x08000205   Thumb Code     0  libinit2.o(.ARM.Collect$$libinit$$00000013)
    __rt_lib_init_lc_monetary_1              0x08000205   Thumb Code     0  libinit2.o(.ARM.Collect$$libinit$$00000015)
    __rt_lib_init_lc_numeric_2               0x08000205   Thumb Code     0  libinit2.o(.ARM.Collect$$libinit$$00000016)
    __rt_lib_init_alloca_1                   0x0800020f   Thumb Code     0  libinit2.o(.ARM.Collect$$libinit$$0000002E)
    __rt_lib_init_argv_1                     0x0800020f   Thumb Code     0  libinit2.o(.ARM.Collect$$libinit$$0000002C)
    __rt_lib_init_atexit_1                   0x0800020f   Thumb Code     0  libinit2.o(.ARM.Collect$$libinit$$0000001B)
    __rt_lib_init_clock_1                    0x0800020f   Thumb Code     0  libinit2.o(.ARM.Collect$$libinit$$00000021)
    __rt_lib_init_cpp_1                      0x0800020f   Thumb Code     0  libinit2.o(.ARM.Collect$$libinit$$00000032)
    __rt_lib_init_exceptions_1               0x0800020f   Thumb Code     0  libinit2.o(.ARM.Collect$$libinit$$00000030)
    __rt_lib_init_fp_trap_1                  0x0800020f   Thumb Code     0  libinit2.o(.ARM.Collect$$libinit$$0000001F)
    __rt_lib_init_getenv_1                   0x0800020f   Thumb Code     0  libinit2.o(.ARM.Collect$$libinit$$00000023)
    __rt_lib_init_lc_numeric_1               0x0800020f   Thumb Code     0  libinit2.o(.ARM.Collect$$libinit$$00000017)
    __rt_lib_init_lc_time_1                  0x0800020f   Thumb Code     0  libinit2.o(.ARM.Collect$$libinit$$00000019)
    __rt_lib_init_return                     0x0800020f   Thumb Code     0  libinit2.o(.ARM.Collect$$libinit$$00000033)
    __rt_lib_init_signal_1                   0x0800020f   Thumb Code     0  libinit2.o(.ARM.Collect$$libinit$$0000001D)
    __rt_lib_init_stdio_1                    0x0800020f   Thumb Code     0  libinit2.o(.ARM.Collect$$libinit$$00000025)
    __rt_lib_shutdown                        0x08000211   Thumb Code     0  libshutdown.o(.ARM.Collect$$libshutdown$$00000000)
    __rt_lib_shutdown_cpp_1                  0x08000213   Thumb Code     0  libshutdown2.o(.ARM.Collect$$libshutdown$$00000002)
    __rt_lib_shutdown_fp_trap_1              0x08000213   Thumb Code     0  libshutdown2.o(.ARM.Collect$$libshutdown$$00000007)
    __rt_lib_shutdown_heap_1                 0x08000213   Thumb Code     0  libshutdown2.o(.ARM.Collect$$libshutdown$$0000000F)
    __rt_lib_shutdown_return                 0x08000213   Thumb Code     0  libshutdown2.o(.ARM.Collect$$libshutdown$$00000010)
    __rt_lib_shutdown_signal_1               0x08000213   Thumb Code     0  libshutdown2.o(.ARM.Collect$$libshutdown$$0000000A)
    __rt_lib_shutdown_stdio_1                0x08000213   Thumb Code     0  libshutdown2.o(.ARM.Collect$$libshutdown$$00000004)
    __rt_lib_shutdown_user_alloc_1           0x08000213   Thumb Code     0  libshutdown2.o(.ARM.Collect$$libshutdown$$0000000C)
    __rt_entry                               0x08000215   Thumb Code     0  __rtentry.o(.ARM.Collect$$rtentry$$00000000)
    __rt_entry_presh_1                       0x08000215   Thumb Code     0  __rtentry2.o(.ARM.Collect$$rtentry$$00000002)
    __rt_entry_sh                            0x08000215   Thumb Code     0  __rtentry4.o(.ARM.Collect$$rtentry$$00000004)
    __rt_entry_li                            0x0800021b   Thumb Code     0  __rtentry2.o(.ARM.Collect$$rtentry$$0000000A)
    __rt_entry_postsh_1                      0x0800021b   Thumb Code     0  __rtentry2.o(.ARM.Collect$$rtentry$$00000009)
    __rt_entry_main                          0x0800021f   Thumb Code     0  __rtentry2.o(.ARM.Collect$$rtentry$$0000000D)
    __rt_entry_postli_1                      0x0800021f   Thumb Code     0  __rtentry2.o(.ARM.Collect$$rtentry$$0000000C)
    __rt_exit                                0x08000227   Thumb Code     0  rtexit.o(.ARM.Collect$$rtexit$$00000000)
    __rt_exit_ls                             0x08000229   Thumb Code     0  rtexit2.o(.ARM.Collect$$rtexit$$00000003)
    __rt_exit_prels_1                        0x08000229   Thumb Code     0  rtexit2.o(.ARM.Collect$$rtexit$$00000002)
    __rt_exit_exit                           0x0800022d   Thumb Code     0  rtexit2.o(.ARM.Collect$$rtexit$$00000004)
    Reset_Handler                            0x08000235   Thumb Code     8  startup_stm32f10x_md.o(.text)
    ADC1_2_IRQHandler                        0x0800024f   Thumb Code     0  startup_stm32f10x_md.o(.text)
    CAN1_RX1_IRQHandler                      0x0800024f   Thumb Code     0  startup_stm32f10x_md.o(.text)
    CAN1_SCE_IRQHandler                      0x0800024f   Thumb Code     0  startup_stm32f10x_md.o(.text)
    DMA1_Channel1_IRQHandler                 0x0800024f   Thumb Code     0  startup_stm32f10x_md.o(.text)
    DMA1_Channel2_IRQHandler                 0x0800024f   Thumb Code     0  startup_stm32f10x_md.o(.text)
    DMA1_Channel3_IRQHandler                 0x0800024f   Thumb Code     0  startup_stm32f10x_md.o(.text)
    DMA1_Channel4_IRQHandler                 0x0800024f   Thumb Code     0  startup_stm32f10x_md.o(.text)
    DMA1_Channel5_IRQHandler                 0x0800024f   Thumb Code     0  startup_stm32f10x_md.o(.text)
    DMA1_Channel6_IRQHandler                 0x0800024f   Thumb Code     0  startup_stm32f10x_md.o(.text)
    DMA1_Channel7_IRQHandler                 0x0800024f   Thumb Code     0  startup_stm32f10x_md.o(.text)
    EXTI0_IRQHandler                         0x0800024f   Thumb Code     0  startup_stm32f10x_md.o(.text)
    EXTI15_10_IRQHandler                     0x0800024f   Thumb Code     0  startup_stm32f10x_md.o(.text)
    EXTI1_IRQHandler                         0x0800024f   Thumb Code     0  startup_stm32f10x_md.o(.text)
    EXTI2_IRQHandler                         0x0800024f   Thumb Code     0  startup_stm32f10x_md.o(.text)
    EXTI3_IRQHandler                         0x0800024f   Thumb Code     0  startup_stm32f10x_md.o(.text)
    EXTI4_IRQHandler                         0x0800024f   Thumb Code     0  startup_stm32f10x_md.o(.text)
    EXTI9_5_IRQHandler                       0x0800024f   Thumb Code     0  startup_stm32f10x_md.o(.text)
    FLASH_IRQHandler                         0x0800024f   Thumb Code     0  startup_stm32f10x_md.o(.text)
    I2C1_ER_IRQHandler                       0x0800024f   Thumb Code     0  startup_stm32f10x_md.o(.text)
    I2C1_EV_IRQHandler                       0x0800024f   Thumb Code     0  startup_stm32f10x_md.o(.text)
    I2C2_ER_IRQHandler                       0x0800024f   Thumb Code     0  startup_stm32f10x_md.o(.text)
    I2C2_EV_IRQHandler                       0x0800024f   Thumb Code     0  startup_stm32f10x_md.o(.text)
    PVD_IRQHandler                           0x0800024f   Thumb Code     0  startup_stm32f10x_md.o(.text)
    RCC_IRQHandler                           0x0800024f   Thumb Code     0  startup_stm32f10x_md.o(.text)
    RTCAlarm_IRQHandler                      0x0800024f   Thumb Code     0  startup_stm32f10x_md.o(.text)
    RTC_IRQHandler                           0x0800024f   Thumb Code     0  startup_stm32f10x_md.o(.text)
    SPI1_IRQHandler                          0x0800024f   Thumb Code     0  startup_stm32f10x_md.o(.text)
    SPI2_IRQHandler                          0x0800024f   Thumb Code     0  startup_stm32f10x_md.o(.text)
    TAMPER_IRQHandler                        0x0800024f   Thumb Code     0  startup_stm32f10x_md.o(.text)
    TIM1_BRK_IRQHandler                      0x0800024f   Thumb Code     0  startup_stm32f10x_md.o(.text)
    TIM1_CC_IRQHandler                       0x0800024f   Thumb Code     0  startup_stm32f10x_md.o(.text)
    TIM1_TRG_COM_IRQHandler                  0x0800024f   Thumb Code     0  startup_stm32f10x_md.o(.text)
    USBWakeUp_IRQHandler                     0x0800024f   Thumb Code     0  startup_stm32f10x_md.o(.text)
    USB_HP_CAN1_TX_IRQHandler                0x0800024f   Thumb Code     0  startup_stm32f10x_md.o(.text)
    USB_LP_CAN1_RX0_IRQHandler               0x0800024f   Thumb Code     0  startup_stm32f10x_md.o(.text)
    WWDG_IRQHandler                          0x0800024f   Thumb Code     0  startup_stm32f10x_md.o(.text)
    __user_initial_stackheap                 0x08000251   Thumb Code     0  startup_stm32f10x_md.o(.text)
    vsprintf                                 0x08000275   Thumb Code    32  vsprintf.o(.text)
    __2sprintf                               0x08000299   Thumb Code    38  __2sprintf.o(.text)
    __2snprintf                              0x080002c5   Thumb Code    50  __2snprintf.o(.text)
    _printf_pre_padding                      0x080002fd   Thumb Code    44  _printf_pad.o(.text)
    _printf_post_padding                     0x08000329   Thumb Code    34  _printf_pad.o(.text)
    _printf_str                              0x0800034b   Thumb Code    82  _printf_str.o(.text)
    _printf_int_dec                          0x0800039d   Thumb Code   104  _printf_dec.o(.text)
    __printf                                 0x08000415   Thumb Code   388  __printf_flags_ss_wp.o(.text)
    strstr                                   0x0800059d   Thumb Code    36  strstr.o(.text)
    strlen                                   0x080005c1   Thumb Code    62  strlen.o(.text)
    __aeabi_memcpy                           0x080005ff   Thumb Code     0  rt_memcpy_v6.o(.text)
    __rt_memcpy                              0x080005ff   Thumb Code   138  rt_memcpy_v6.o(.text)
    _memcpy_lastbytes                        0x08000665   Thumb Code     0  rt_memcpy_v6.o(.text)
    __aeabi_memcpy4                          0x08000689   Thumb Code     0  rt_memcpy_w.o(.text)
    __aeabi_memcpy8                          0x08000689   Thumb Code     0  rt_memcpy_w.o(.text)
    __rt_memcpy_w                            0x08000689   Thumb Code   100  rt_memcpy_w.o(.text)
    _memcpy_lastbytes_aligned                0x080006d1   Thumb Code     0  rt_memcpy_w.o(.text)
    __aeabi_memclr                           0x080006ed   Thumb Code     0  rt_memclr.o(.text)
    __rt_memclr                              0x080006ed   Thumb Code    68  rt_memclr.o(.text)
    _memset                                  0x080006f1   Thumb Code     0  rt_memclr.o(.text)
    __aeabi_memclr4                          0x08000731   Thumb Code     0  rt_memclr_w.o(.text)
    __aeabi_memclr8                          0x08000731   Thumb Code     0  rt_memclr_w.o(.text)
    __rt_memclr_w                            0x08000731   Thumb Code    78  rt_memclr_w.o(.text)
    _memset_w                                0x08000735   Thumb Code     0  rt_memclr_w.o(.text)
    __use_two_region_memory                  0x0800077f   Thumb Code     2  heapauxi.o(.text)
    __rt_heap_escrow$2region                 0x08000781   Thumb Code     2  heapauxi.o(.text)
    __rt_heap_expand$2region                 0x08000783   Thumb Code     2  heapauxi.o(.text)
    _printf_truncate_signed                  0x08000785   Thumb Code    18  _printf_truncate.o(.text)
    _printf_truncate_unsigned                0x08000797   Thumb Code    18  _printf_truncate.o(.text)
    _printf_int_common                       0x080007a9   Thumb Code   178  _printf_intcommon.o(.text)
    _printf_charcount                        0x0800085b   Thumb Code    40  _printf_charcount.o(.text)
    __lib_sel_fp_printf                      0x08000883   Thumb Code     2  _printf_fp_dec.o(.text)
    _printf_fp_dec_real                      0x08000a35   Thumb Code   620  _printf_fp_dec.o(.text)
    _printf_char_common                      0x08000cab   Thumb Code    32  _printf_char_common.o(.text)
    _sputc                                   0x08000cd1   Thumb Code    10  _sputc.o(.text)
    _snputc                                  0x08000cdb   Thumb Code    16  _snputc.o(.text)
    _printf_cs_common                        0x08000ceb   Thumb Code    20  _printf_char.o(.text)
    _printf_char                             0x08000cff   Thumb Code    16  _printf_char.o(.text)
    _printf_string                           0x08000d0f   Thumb Code     8  _printf_char.o(.text)
    _printf_wctomb                           0x08000d19   Thumb Code   182  _printf_wctomb.o(.text)
    _printf_longlong_dec                     0x08000dd5   Thumb Code   108  _printf_longlong_dec.o(.text)
    _printf_longlong_oct                     0x08000e51   Thumb Code    66  _printf_oct_int_ll.o(.text)
    _printf_int_oct                          0x08000e93   Thumb Code    24  _printf_oct_int_ll.o(.text)
    _printf_ll_oct                           0x08000eab   Thumb Code    12  _printf_oct_int_ll.o(.text)
    _printf_longlong_hex                     0x08000ec1   Thumb Code    86  _printf_hex_int_ll_ptr.o(.text)
    _printf_int_hex                          0x08000f17   Thumb Code    28  _printf_hex_int_ll_ptr.o(.text)
    _printf_ll_hex                           0x08000f33   Thumb Code    12  _printf_hex_int_ll_ptr.o(.text)
    _printf_hex_ptr                          0x08000f3f   Thumb Code    18  _printf_hex_int_ll_ptr.o(.text)
    __rt_locale                              0x08000f55   Thumb Code     8  rt_locale_intlibspace.o(.text)
    _ll_udiv10                               0x08000f5d   Thumb Code   138  lludiv10.o(.text)
    _printf_fp_hex_real                      0x08000fe9   Thumb Code   756  _printf_fp_hex.o(.text)
    _printf_fp_infnan                        0x080012e5   Thumb Code   112  _printf_fp_infnan.o(.text)
    _printf_lcs_common                       0x08001365   Thumb Code    20  _printf_wchar.o(.text)
    _printf_wchar                            0x08001379   Thumb Code    16  _printf_wchar.o(.text)
    _printf_wstring                          0x08001389   Thumb Code     8  _printf_wchar.o(.text)
    _btod_etento                             0x08001391   Thumb Code   224  bigflt0.o(.text)
    _wcrtomb                                 0x08001475   Thumb Code    64  _wcrtomb.o(.text)
    __user_libspace                          0x080014b5   Thumb Code     8  libspace.o(.text)
    __user_perproc_libspace                  0x080014b5   Thumb Code     0  libspace.o(.text)
    __user_perthread_libspace                0x080014b5   Thumb Code     0  libspace.o(.text)
    __user_setup_stackheap                   0x080014bd   Thumb Code    74  sys_stackheap_outer.o(.text)
    __rt_ctype_table                         0x08001509   Thumb Code    16  rt_ctype_table.o(.text)
    exit                                     0x08001519   Thumb Code    18  exit.o(.text)
    strcmp                                   0x0800152d   Thumb Code   128  strcmpv7m.o(.text)
    _sys_exit                                0x080015ad   Thumb Code     8  sys_exit.o(.text)
    __I$use$semihosting                      0x080015b9   Thumb Code     0  use_no_semi.o(.text)
    __use_no_semihosting_swi                 0x080015b9   Thumb Code     2  use_no_semi.o(.text)
    __semihosting_library_function           0x080015bb   Thumb Code     0  indicate_semi.o(.text)
    _btod_d2e                                0x080015bb   Thumb Code    62  btod.o(CL$$btod_d2e)
    _d2e_denorm_low                          0x080015f9   Thumb Code    70  btod.o(CL$$btod_d2e_denorm_low)
    _d2e_norm_op1                            0x0800163f   Thumb Code    96  btod.o(CL$$btod_d2e_norm_op1)
    __btod_div_common                        0x0800169f   Thumb Code   696  btod.o(CL$$btod_div_common)
    _e2e                                     0x080019d7   Thumb Code   220  btod.o(CL$$btod_e2e)
    _btod_ediv                               0x08001ab3   Thumb Code    42  btod.o(CL$$btod_ediv)
    _btod_emul                               0x08001add   Thumb Code    42  btod.o(CL$$btod_emul)
    __btod_mult_common                       0x08001b07   Thumb Code   580  btod.o(CL$$btod_mult_common)
    ADC_Cmd                                  0x08001d4b   Thumb Code    22  stm32f10x_adc.o(i.ADC_Cmd)
    ADC_DMACmd                               0x08001d61   Thumb Code    22  stm32f10x_adc.o(i.ADC_DMACmd)
    ADC_GetCalibrationStatus                 0x08001d77   Thumb Code    20  stm32f10x_adc.o(i.ADC_GetCalibrationStatus)
    ADC_GetResetCalibrationStatus            0x08001d8b   Thumb Code    20  stm32f10x_adc.o(i.ADC_GetResetCalibrationStatus)
    ADC_Init                                 0x08001da1   Thumb Code    70  stm32f10x_adc.o(i.ADC_Init)
    ADC_RegularChannelConfig                 0x08001df1   Thumb Code   184  stm32f10x_adc.o(i.ADC_RegularChannelConfig)
    ADC_ResetCalibration                     0x08001ea9   Thumb Code    10  stm32f10x_adc.o(i.ADC_ResetCalibration)
    ADC_SoftwareStartConvCmd                 0x08001eb3   Thumb Code    22  stm32f10x_adc.o(i.ADC_SoftwareStartConvCmd)
    ADC_StartCalibration                     0x08001ec9   Thumb Code    10  stm32f10x_adc.o(i.ADC_StartCalibration)
    AliIoT_Parameter_Init                    0x08001ed5   Thumb Code   186  mqtt.o(i.AliIoT_Parameter_Init)
    BEEP_Alarm                               0x080020ad   Thumb Code    18  beep.o(i.BEEP_Alarm)
    BEEP_Init                                0x080020c1   Thumb Code    52  beep.o(i.BEEP_Init)
    BEEP_Off                                 0x080020fd   Thumb Code    14  beep.o(i.BEEP_Off)
    BEEP_On                                  0x08002111   Thumb Code    14  beep.o(i.BEEP_On)
    BusFault_Handler                         0x08002125   Thumb Code     4  stm32f10x_it.o(i.BusFault_Handler)
    CMDBuf_Deal                              0x08002129   Thumb Code    96  mqtt.o(i.CMDBuf_Deal)
    ConvertToDecibel                         0x08002195   Thumb Code    58  lm2904.o(i.ConvertToDecibel)
    DHT_GPIO_Init                            0x080021e1   Thumb Code    50  dht11.o(i.DHT_GPIO_Init)
    DHT_Get_Byte_Data                        0x08002219   Thumb Code    94  dht11.o(i.DHT_Get_Byte_Data)
    DHT_Get_Temp_Humi_Data                   0x0800227d   Thumb Code    76  dht11.o(i.DHT_Get_Temp_Humi_Data)
    DHT_Start                                0x080022c9   Thumb Code    88  dht11.o(i.DHT_Start)
    DMA_Cmd                                  0x08002325   Thumb Code    24  stm32f10x_dma.o(i.DMA_Cmd)
    DMA_DeInit                               0x0800233d   Thumb Code   324  stm32f10x_dma.o(i.DMA_DeInit)
    DMA_Init                                 0x08002489   Thumb Code    60  stm32f10x_dma.o(i.DMA_Init)
    DebugMon_Handler                         0x080024c5   Thumb Code     2  stm32f10x_it.o(i.DebugMon_Handler)
    FucCheckSum                              0x080024c7   Thumb Code    34  pm25.o(i.FucCheckSum)
    GPIO_Init                                0x08002525   Thumb Code   278  stm32f10x_gpio.o(i.GPIO_Init)
    GPIO_PinRemapConfig                      0x0800263d   Thumb Code   138  stm32f10x_gpio.o(i.GPIO_PinRemapConfig)
    GPIO_ReadInputDataBit                    0x080026cd   Thumb Code    18  stm32f10x_gpio.o(i.GPIO_ReadInputDataBit)
    GPIO_ReadOutputData                      0x080026df   Thumb Code     8  stm32f10x_gpio.o(i.GPIO_ReadOutputData)
    GPIO_ResetBits                           0x080026e7   Thumb Code     4  stm32f10x_gpio.o(i.GPIO_ResetBits)
    GPIO_SetBits                             0x080026eb   Thumb Code     4  stm32f10x_gpio.o(i.GPIO_SetBits)
    GPIO_Write                               0x080026ef   Thumb Code     4  stm32f10x_gpio.o(i.GPIO_Write)
    GPIO_WriteBit                            0x080026f3   Thumb Code    10  stm32f10x_gpio.o(i.GPIO_WriteBit)
    HardFault_Handler                        0x080026fd   Thumb Code     4  stm32f10x_it.o(i.HardFault_Handler)
    Key_Init                                 0x08002701   Thumb Code    46  keys.o(i.Key_Init)
    Key_Scan                                 0x08002739   Thumb Code   202  keys.o(i.Key_Scan)
    LCD_Clear                                0x08002815   Thumb Code    16  lcd1602.o(i.LCD_Clear)
    LCD_ClearChar                            0x08002825   Thumb Code    22  lcd1602.o(i.LCD_ClearChar)
    LCD_Init                                 0x0800283b   Thumb Code    44  lcd1602.o(i.LCD_Init)
    LCD_PrintChar                            0x08002867   Thumb Code    24  lcd1602.o(i.LCD_PrintChar)
    LCD_PrintString                          0x0800287f   Thumb Code    42  lcd1602.o(i.LCD_PrintString)
    LCD_SetCursor                            0x080028a9   Thumb Code    44  lcd1602.o(i.LCD_SetCursor)
    LCD_WriteCommand                         0x080028d5   Thumb Code    80  lcd1602.o(i.LCD_WriteCommand)
    LCD_WriteData                            0x08002929   Thumb Code    80  lcd1602.o(i.LCD_WriteData)
    LM2904_Init                              0x0800297d   Thumb Code   240  lm2904.o(i.LM2904_Init)
    LM2904_ReadValue                         0x08002a7d   Thumb Code     6  lm2904.o(i.LM2904_ReadValue)
    MQTT_Buff_Init                           0x08002a89   Thumb Code    80  mqtt.o(i.MQTT_Buff_Init)
    MQTT_Buff_ReInit                         0x08002b25   Thumb Code   172  mqtt.o(i.MQTT_Buff_ReInit)
    MQTT_ConectPack                          0x08002c29   Thumb Code   496  mqtt.o(i.MQTT_ConectPack)
    MQTT_DealPushdata_Qs0                    0x08002e41   Thumb Code   238  mqtt.o(i.MQTT_DealPushdata_Qs0)
    MQTT_PingREQ                             0x08002f4d   Thumb Code    22  mqtt.o(i.MQTT_PingREQ)
    MQTT_PublishQs0                          0x08002f69   Thumb Code   220  mqtt.o(i.MQTT_PublishQs0)
    MQTT_Subscribe                           0x08003055   Thumb Code   134  mqtt.o(i.MQTT_Subscribe)
    MemManage_Handler                        0x080030ed   Thumb Code     4  stm32f10x_it.o(i.MemManage_Handler)
    NMI_Handler                              0x080030f1   Thumb Code     2  stm32f10x_it.o(i.NMI_Handler)
    NVIC_Init                                0x080030f5   Thumb Code   100  misc.o(i.NVIC_Init)
    NVIC_PriorityGroupConfig                 0x08003165   Thumb Code    10  misc.o(i.NVIC_PriorityGroupConfig)
    PM25_GetCurrentData                      0x08003179   Thumb Code    10  pm25.o(i.PM25_GetCurrentData)
    PM25_ReceiveHandler                      0x08003189   Thumb Code    82  pm25.o(i.PM25_ReceiveHandler)
    PendSV_Handler                           0x080032e1   Thumb Code     2  stm32f10x_it.o(i.PendSV_Handler)
    RCC_AHBPeriphClockCmd                    0x080032e5   Thumb Code    26  stm32f10x_rcc.o(i.RCC_AHBPeriphClockCmd)
    RCC_APB1PeriphClockCmd                   0x08003305   Thumb Code    26  stm32f10x_rcc.o(i.RCC_APB1PeriphClockCmd)
    RCC_APB1PeriphResetCmd                   0x08003325   Thumb Code    26  stm32f10x_rcc.o(i.RCC_APB1PeriphResetCmd)
    RCC_APB2PeriphClockCmd                   0x08003345   Thumb Code    26  stm32f10x_rcc.o(i.RCC_APB2PeriphClockCmd)
    RCC_APB2PeriphResetCmd                   0x08003365   Thumb Code    26  stm32f10x_rcc.o(i.RCC_APB2PeriphResetCmd)
    RCC_GetClocksFreq                        0x08003385   Thumb Code   192  stm32f10x_rcc.o(i.RCC_GetClocksFreq)
    SVC_Handler                              0x08003459   Thumb Code     2  stm32f10x_it.o(i.SVC_Handler)
    Serial_Init                              0x0800345d   Thumb Code   174  serial.o(i.Serial_Init)
    Serial_Printf                            0x08003515   Thumb Code    36  serial.o(i.Serial_Printf)
    Serial_SendArray                         0x08003539   Thumb Code    26  serial.o(i.Serial_SendArray)
    Serial_SendByte                          0x08003555   Thumb Code    28  serial.o(i.Serial_SendByte)
    Serial_SendString                        0x08003575   Thumb Code    26  serial.o(i.Serial_SendString)
    SoilHumidity_Init                        0x08003679   Thumb Code    38  ly69.o(i.SoilHumidity_Init)
    SoilHumidity_Read                        0x080036a5   Thumb Code    12  ly69.o(i.SoilHumidity_Read)
    SysTick_Handler                          0x080036b5   Thumb Code     2  stm32f10x_it.o(i.SysTick_Handler)
    SystemInit                               0x080036b9   Thumb Code    78  system_stm32f10x.o(i.SystemInit)
    TIM1_UP_IRQHandler                       0x08003719   Thumb Code    22  timer1.o(i.TIM1_UP_IRQHandler)
    TIM2_IRQHandler                          0x08003735   Thumb Code   104  stm32f10x_it.o(i.TIM2_IRQHandler)
    TIM2_Int_Init                            0x080037b1   Thumb Code    98  timer2.o(i.TIM2_Int_Init)
    TIM3_ENABLE_2S                           0x08003815   Thumb Code   116  timer3.o(i.TIM3_ENABLE_2S)
    TIM3_ENABLE_30S                          0x0800388d   Thumb Code   114  timer3.o(i.TIM3_ENABLE_30S)
    TIM3_IRQHandler                          0x08003905   Thumb Code    94  stm32f10x_it.o(i.TIM3_IRQHandler)
    TIM4_IRQHandler                          0x08003971   Thumb Code   136  stm32f10x_it.o(i.TIM4_IRQHandler)
    TIM4_Init                                0x08003a19   Thumb Code   106  timer4.o(i.TIM4_Init)
    TIM_ClearITPendingBit                    0x08003a89   Thumb Code     6  stm32f10x_tim.o(i.TIM_ClearITPendingBit)
    TIM_Cmd                                  0x08003a8f   Thumb Code    24  stm32f10x_tim.o(i.TIM_Cmd)
    TIM_DeInit                               0x08003aa9   Thumb Code   424  stm32f10x_tim.o(i.TIM_DeInit)
    TIM_GetITStatus                          0x08003c91   Thumb Code    34  stm32f10x_tim.o(i.TIM_GetITStatus)
    TIM_ITConfig                             0x08003cb3   Thumb Code    18  stm32f10x_tim.o(i.TIM_ITConfig)
    TIM_SetCounter                           0x08003cc5   Thumb Code     4  stm32f10x_tim.o(i.TIM_SetCounter)
    TIM_TimeBaseInit                         0x08003cc9   Thumb Code   122  stm32f10x_tim.o(i.TIM_TimeBaseInit)
    Timer1_Init                              0x08003d6d   Thumb Code    94  timer1.o(i.Timer1_Init)
    TxDataBuf_Deal                           0x08003dd1   Thumb Code    86  mqtt.o(i.TxDataBuf_Deal)
    USART1_IRQHandler                        0x08003e35   Thumb Code    54  serial.o(i.USART1_IRQHandler)
    USART2_IRQHandler                        0x08003e79   Thumb Code   104  stm32f10x_it.o(i.USART2_IRQHandler)
    USART3_IRQHandler                        0x08003ef5   Thumb Code   104  stm32f10x_it.o(i.USART3_IRQHandler)
    USART_ClearFlag                          0x08003f71   Thumb Code    18  stm32f10x_usart.o(i.USART_ClearFlag)
    USART_ClearITPendingBit                  0x08003f83   Thumb Code    30  stm32f10x_usart.o(i.USART_ClearITPendingBit)
    USART_Cmd                                0x08003fa1   Thumb Code    24  stm32f10x_usart.o(i.USART_Cmd)
    USART_DeInit                             0x08003fb9   Thumb Code   134  stm32f10x_usart.o(i.USART_DeInit)
    USART_GetFlagStatus                      0x08004055   Thumb Code    26  stm32f10x_usart.o(i.USART_GetFlagStatus)
    USART_GetITStatus                        0x0800406f   Thumb Code    84  stm32f10x_usart.o(i.USART_GetITStatus)
    USART_ITConfig                           0x080040c3   Thumb Code    74  stm32f10x_usart.o(i.USART_ITConfig)
    USART_Init                               0x0800410d   Thumb Code   210  stm32f10x_usart.o(i.USART_Init)
    USART_ReceiveData                        0x080041e5   Thumb Code    10  stm32f10x_usart.o(i.USART_ReceiveData)
    USART_SendData                           0x080041ef   Thumb Code     8  stm32f10x_usart.o(i.USART_SendData)
    Upload_Sensor_Data                       0x080041f9   Thumb Code   114  main.o(i.Upload_Sensor_Data)
    UsageFault_Handler                       0x080042b9   Thumb Code     4  stm32f10x_it.o(i.UsageFault_Handler)
    Usart3_Init                              0x080042bd   Thumb Code   180  usart3.o(i.Usart3_Init)
    WiFi_Connect_IoTServer                   0x08004379   Thumb Code   100  wifi.o(i.WiFi_Connect_IoTServer)
    WiFi_Connect_Server                      0x080044c1   Thumb Code   184  wifi.o(i.WiFi_Connect_Server)
    WiFi_JoinAP                              0x08004609   Thumb Code    98  wifi.o(i.WiFi_JoinAP)
    WiFi_ResetIO_Init                        0x080046b1   Thumb Code    48  wifi.o(i.WiFi_ResetIO_Init)
    WiFi_SendCmd                             0x080046e5   Thumb Code    94  wifi.o(i.WiFi_SendCmd)
    __ARM_fpclassify                         0x0800476d   Thumb Code    40  fpclassify.o(i.__ARM_fpclassify)
    _is_digit                                0x08004795   Thumb Code    14  __printf_wp.o(i._is_digit)
    delay_ms                                 0x080047d3   Thumb Code    24  delay.o(i.delay_ms)
    delay_us                                 0x0800482d   Thumb Code    32  delay.o(i.delay_us)
    main                                     0x0800484d   Thumb Code  2498  main.o(i.main)
    u3_TxData                                0x080052cd   Thumb Code    58  usart3.o(i.u3_TxData)
    u3_printf                                0x0800530d   Thumb Code    84  usart3.o(i.u3_printf)
    utils_hb2hex                             0x08005369   Thumb Code    24  utils_md5.o(i.utils_hb2hex)
    utils_hmac_sha1                          0x08005381   Thumb Code   232  utils_hmac.o(i.utils_hmac_sha1)
    utils_sha1_finish                        0x08005469   Thumb Code   228  utils_sha1.o(i.utils_sha1_finish)
    utils_sha1_init                          0x08005551   Thumb Code    14  utils_sha1.o(i.utils_sha1_init)
    utils_sha1_process                       0x08005561   Thumb Code  6420  utils_sha1.o(i.utils_sha1_process)
    utils_sha1_starts                        0x08006e7d   Thumb Code    30  utils_sha1.o(i.utils_sha1_starts)
    utils_sha1_update                        0x08006ea9   Thumb Code   124  utils_sha1.o(i.utils_sha1_update)
    _get_lc_numeric                          0x08006f25   Thumb Code    44  lc_numeric_c.o(locale$$code)
    _get_lc_ctype                            0x08006f51   Thumb Code    44  lc_ctype_c.o(locale$$code)
    __aeabi_d2f                              0x08006f7d   Thumb Code     0  d2f.o(x$fpl$d2f)
    _d2f                                     0x08006f7d   Thumb Code    98  d2f.o(x$fpl$d2f)
    __aeabi_dadd                             0x08006fe1   Thumb Code     0  daddsub_clz.o(x$fpl$dadd)
    _dadd                                    0x08006fe1   Thumb Code   332  daddsub_clz.o(x$fpl$dadd)
    __aeabi_ddiv                             0x08007131   Thumb Code     0  ddiv.o(x$fpl$ddiv)
    _ddiv                                    0x08007131   Thumb Code   552  ddiv.o(x$fpl$ddiv)
    __aeabi_ui2d                             0x080073e1   Thumb Code     0  dflt_clz.o(x$fpl$dfltu)
    _dfltu                                   0x080073e1   Thumb Code    38  dflt_clz.o(x$fpl$dfltu)
    __aeabi_dmul                             0x08007409   Thumb Code     0  dmul.o(x$fpl$dmul)
    _dmul                                    0x08007409   Thumb Code   332  dmul.o(x$fpl$dmul)
    __fpl_dnaninf                            0x0800755d   Thumb Code   156  dnaninf.o(x$fpl$dnaninf)
    __fpl_dretinf                            0x080075f9   Thumb Code    12  dretinf.o(x$fpl$dretinf)
    __aeabi_dsub                             0x08007605   Thumb Code     0  daddsub_clz.o(x$fpl$dsub)
    _dsub                                    0x08007605   Thumb Code   464  daddsub_clz.o(x$fpl$dsub)
    __aeabi_f2d                              0x080077d9   Thumb Code     0  f2d.o(x$fpl$f2d)
    _f2d                                     0x080077d9   Thumb Code    86  f2d.o(x$fpl$f2d)
    __aeabi_fadd                             0x08007831   Thumb Code     0  faddsub_clz.o(x$fpl$fadd)
    _fadd                                    0x08007831   Thumb Code   196  faddsub_clz.o(x$fpl$fadd)
    __fpl_fcmp_Inf                           0x080078f5   Thumb Code    24  fcmpi.o(x$fpl$fcmpinf)
    __aeabi_fdiv                             0x0800790d   Thumb Code     0  fdiv.o(x$fpl$fdiv)
    _fdiv                                    0x0800790d   Thumb Code   384  fdiv.o(x$fpl$fdiv)
    __aeabi_cfcmpeq                          0x08007a91   Thumb Code     0  feqf.o(x$fpl$feqf)
    _fcmpeq                                  0x08007a91   Thumb Code   104  feqf.o(x$fpl$feqf)
    __aeabi_f2uiz                            0x08007af9   Thumb Code     0  ffixu.o(x$fpl$ffixu)
    _ffixu                                   0x08007af9   Thumb Code    62  ffixu.o(x$fpl$ffixu)
    __aeabi_i2f                              0x08007b39   Thumb Code     0  fflt_clz.o(x$fpl$fflt)
    _fflt                                    0x08007b39   Thumb Code    48  fflt_clz.o(x$fpl$fflt)
    __aeabi_ui2f                             0x08007b69   Thumb Code     0  fflt_clz.o(x$fpl$ffltu)
    _ffltu                                   0x08007b69   Thumb Code    38  fflt_clz.o(x$fpl$ffltu)
    __aeabi_cfcmple                          0x08007b91   Thumb Code     0  fleqf.o(x$fpl$fleqf)
    _fcmple                                  0x08007b91   Thumb Code   104  fleqf.o(x$fpl$fleqf)
    __fpl_fcmple_InfNaN                      0x08007be3   Thumb Code     0  fleqf.o(x$fpl$fleqf)
    __fpl_fnaninf                            0x08007bf9   Thumb Code   140  fnaninf.o(x$fpl$fnaninf)
    __fpl_fretinf                            0x08007c85   Thumb Code    10  fretinf.o(x$fpl$fretinf)
    __aeabi_cfrcmple                         0x08007c8f   Thumb Code     0  frleqf.o(x$fpl$frleqf)
    _frcmple                                 0x08007c8f   Thumb Code    98  frleqf.o(x$fpl$frleqf)
    __aeabi_fsub                             0x08007cf1   Thumb Code     0  faddsub_clz.o(x$fpl$fsub)
    _fsub                                    0x08007cf1   Thumb Code   234  faddsub_clz.o(x$fpl$fsub)
    _printf_fp_dec                           0x08007ddb   Thumb Code     4  printf1.o(x$fpl$printf1)
    _printf_fp_hex                           0x08007ddf   Thumb Code     4  printf2.o(x$fpl$printf2)
    __I$use$fp                               0x08007de2   Number         0  usenofp.o(x$fpl$usenofp)
    Region$$Table$$Base                      0x08007fec   Number         0  anon$$obj.o(Region$$Table)
    Region$$Table$$Limit                     0x0800800c   Number         0  anon$$obj.o(Region$$Table)
    __ctype                                  0x08008035   Data           0  lc_ctype_c.o(locale$$data)
    Serial_RxData                            0x2000001c   Data           1  serial.o(.data)
    Serial_RxFlag                            0x2000001d   Data           1  serial.o(.data)
    MQTT_RxDataInPtr                         0x20000024   Data           4  mqtt.o(.data)
    MQTT_RxDataOutPtr                        0x20000028   Data           4  mqtt.o(.data)
    MQTT_RxDataEndPtr                        0x2000002c   Data           4  mqtt.o(.data)
    MQTT_TxDataInPtr                         0x20000030   Data           4  mqtt.o(.data)
    MQTT_TxDataOutPtr                        0x20000034   Data           4  mqtt.o(.data)
    MQTT_TxDataEndPtr                        0x20000038   Data           4  mqtt.o(.data)
    MQTT_CMDInPtr                            0x2000003c   Data           4  mqtt.o(.data)
    MQTT_CMDOutPtr                           0x20000040   Data           4  mqtt.o(.data)
    MQTT_CMDEndPtr                           0x20000044   Data           4  mqtt.o(.data)
    ClientID_len                             0x20000048   Data           4  mqtt.o(.data)
    Username_len                             0x2000004c   Data           4  mqtt.o(.data)
    Passward_len                             0x20000050   Data           4  mqtt.o(.data)
    ServerPort                               0x20000054   Data           4  mqtt.o(.data)
    Fixed_len                                0x20000058   Data           4  mqtt.o(.data)
    Variable_len                             0x2000005c   Data           4  mqtt.o(.data)
    Payload_len                              0x20000060   Data           4  mqtt.o(.data)
    Ping_flag                                0x20000064   Data           1  mqtt.o(.data)
    Connect_flag                             0x20000065   Data           1  mqtt.o(.data)
    ConnectPack_flag                         0x20000066   Data           1  mqtt.o(.data)
    SubcribePack_flag                        0x20000067   Data           1  mqtt.o(.data)
    Usart2_RxCompleted                       0x20000068   Data           1  usart2.o(.data)
    Usart2_RxCounter                         0x2000006c   Data           4  usart2.o(.data)
    Usart3_RxCompleted                       0x20000070   Data           1  usart3.o(.data)
    Usart3_RxCounter                         0x20000074   Data           4  usart3.o(.data)
    g_state                                  0x20000078   Data           1  main.o(.data)
    g_select                                 0x20000079   Data           1  main.o(.data)
    g_temperature                            0x2000007c   Data           4  main.o(.data)
    g_humidity                               0x20000080   Data           4  main.o(.data)
    g_noise                                  0x20000084   Data           2  main.o(.data)
    g_pm25                                   0x20000088   Data           4  main.o(.data)
    g_temp_thres                             0x2000008c   Data           1  main.o(.data)
    g_humi_thres                             0x2000008d   Data           1  main.o(.data)
    g_noise_thres                            0x2000008e   Data           1  main.o(.data)
    Second                                   0x2000008f   Data           1  main.o(.data)
    Minute                                   0x20000090   Data           1  main.o(.data)
    Hour                                     0x20000091   Data           1  main.o(.data)
    Upload_TimeOK                            0x20000092   Data           1  main.o(.data)
    retry_count                              0x20000093   Data           1  main.o(.data)
    MQTT_RxDataBuf                           0x200000ad   Data        4096  mqtt.o(.bss)
    MQTT_TxDataBuf                           0x200010ad   Data        4096  mqtt.o(.bss)
    MQTT_CMDBuf                              0x200020ad   Data        4096  mqtt.o(.bss)
    ClientID                                 0x200030ad   Data         128  mqtt.o(.bss)
    Username                                 0x2000312d   Data         128  mqtt.o(.bss)
    Passward                                 0x200031ad   Data         128  mqtt.o(.bss)
    ServerIP                                 0x2000322d   Data         128  mqtt.o(.bss)
    temp_buff                                0x200032ad   Data         512  mqtt.o(.bss)
    Usart2_RxBuff                            0x200034b0   Data        1024  usart2.o(.bss)
    USART2_TxBuff                            0x200038b0   Data        1024  usart2.o(.bss)
    Usart3_RxBuff                            0x20003cb0   Data        1024  usart3.o(.bss)
    USART3_TxBuff                            0x200040b0   Data        1024  usart3.o(.bss)
    __libspace_start                         0x200044b0   Data          96  libspace.o(.bss)
    __temporary_stack_top$libspace           0x20004510   Data           0  libspace.o(.bss)



==============================================================================

Memory Map of the image

  Image Entry point : 0x080000ed

  Load Region LR_IROM1 (Base: 0x08000000, Size: 0x000081d0, Max: 0x00010000, ABSOLUTE)

    Execution Region ER_IROM1 (Exec base: 0x08000000, Load base: 0x08000000, Size: 0x00008138, Max: 0x00010000, ABSOLUTE)

    Exec Addr    Load Addr    Size         Type   Attr      Idx    E Section Name        Object

    0x08000000   0x08000000   0x000000ec   Data   RO           19    RESET               startup_stm32f10x_md.o
    0x080000ec   0x080000ec   0x00000008   Code   RO         4387  * !!!main             c_w.l(__main.o)
    0x080000f4   0x080000f4   0x00000034   Code   RO         4736    !!!scatter          c_w.l(__scatter.o)
    0x08000128   0x08000128   0x0000001a   Code   RO         4738    !!handler_copy      c_w.l(__scatter_copy.o)
    0x08000142   0x08000142   0x00000002   PAD
    0x08000144   0x08000144   0x0000001c   Code   RO         4740    !!handler_zi        c_w.l(__scatter_zi.o)
    0x08000160   0x08000160   0x00000000   Code   RO         4370    .ARM.Collect$$_printf_percent$$00000000  c_w.l(_printf_percent.o)
    0x08000160   0x08000160   0x00000006   Code   RO         4489    .ARM.Collect$$_printf_percent$$00000001  c_w.l(_printf_n.o)
    0x08000166   0x08000166   0x00000006   Code   RO         4491    .ARM.Collect$$_printf_percent$$00000002  c_w.l(_printf_p.o)
    0x0800016c   0x0800016c   0x00000006   Code   RO         4369    .ARM.Collect$$_printf_percent$$00000003  c_w.l(_printf_f.o)
    0x08000172   0x08000172   0x00000006   Code   RO         4495    .ARM.Collect$$_printf_percent$$00000004  c_w.l(_printf_e.o)
    0x08000178   0x08000178   0x00000006   Code   RO         4496    .ARM.Collect$$_printf_percent$$00000005  c_w.l(_printf_g.o)
    0x0800017e   0x0800017e   0x00000006   Code   RO         4497    .ARM.Collect$$_printf_percent$$00000006  c_w.l(_printf_a.o)
    0x08000184   0x08000184   0x0000000a   Code   RO         4502    .ARM.Collect$$_printf_percent$$00000007  c_w.l(_printf_ll.o)
    0x0800018e   0x0800018e   0x00000006   Code   RO         4493    .ARM.Collect$$_printf_percent$$00000008  c_w.l(_printf_i.o)
    0x08000194   0x08000194   0x00000006   Code   RO         4368    .ARM.Collect$$_printf_percent$$00000009  c_w.l(_printf_d.o)
    0x0800019a   0x0800019a   0x00000006   Code   RO         4494    .ARM.Collect$$_printf_percent$$0000000A  c_w.l(_printf_u.o)
    0x080001a0   0x080001a0   0x00000006   Code   RO         4492    .ARM.Collect$$_printf_percent$$0000000B  c_w.l(_printf_o.o)
    0x080001a6   0x080001a6   0x00000006   Code   RO         4490    .ARM.Collect$$_printf_percent$$0000000C  c_w.l(_printf_x.o)
    0x080001ac   0x080001ac   0x00000006   Code   RO         4499    .ARM.Collect$$_printf_percent$$0000000D  c_w.l(_printf_lli.o)
    0x080001b2   0x080001b2   0x00000006   Code   RO         4500    .ARM.Collect$$_printf_percent$$0000000E  c_w.l(_printf_lld.o)
    0x080001b8   0x080001b8   0x00000006   Code   RO         4501    .ARM.Collect$$_printf_percent$$0000000F  c_w.l(_printf_llu.o)
    0x080001be   0x080001be   0x00000006   Code   RO         4506    .ARM.Collect$$_printf_percent$$00000010  c_w.l(_printf_llo.o)
    0x080001c4   0x080001c4   0x00000006   Code   RO         4507    .ARM.Collect$$_printf_percent$$00000011  c_w.l(_printf_llx.o)
    0x080001ca   0x080001ca   0x0000000a   Code   RO         4503    .ARM.Collect$$_printf_percent$$00000012  c_w.l(_printf_l.o)
    0x080001d4   0x080001d4   0x00000006   Code   RO         4488    .ARM.Collect$$_printf_percent$$00000013  c_w.l(_printf_c.o)
    0x080001da   0x080001da   0x00000006   Code   RO         4367    .ARM.Collect$$_printf_percent$$00000014  c_w.l(_printf_s.o)
    0x080001e0   0x080001e0   0x00000006   Code   RO         4504    .ARM.Collect$$_printf_percent$$00000015  c_w.l(_printf_lc.o)
    0x080001e6   0x080001e6   0x00000006   Code   RO         4505    .ARM.Collect$$_printf_percent$$00000016  c_w.l(_printf_ls.o)
    0x080001ec   0x080001ec   0x00000004   Code   RO         4498    .ARM.Collect$$_printf_percent$$00000017  c_w.l(_printf_percent_end.o)
    0x080001f0   0x080001f0   0x00000002   Code   RO         4606    .ARM.Collect$$libinit$$00000000  c_w.l(libinit.o)
    0x080001f2   0x080001f2   0x00000000   Code   RO         4608    .ARM.Collect$$libinit$$00000002  c_w.l(libinit2.o)
    0x080001f2   0x080001f2   0x00000000   Code   RO         4610    .ARM.Collect$$libinit$$00000004  c_w.l(libinit2.o)
    0x080001f2   0x080001f2   0x00000000   Code   RO         4613    .ARM.Collect$$libinit$$0000000A  c_w.l(libinit2.o)
    0x080001f2   0x080001f2   0x00000000   Code   RO         4615    .ARM.Collect$$libinit$$0000000C  c_w.l(libinit2.o)
    0x080001f2   0x080001f2   0x00000000   Code   RO         4617    .ARM.Collect$$libinit$$0000000E  c_w.l(libinit2.o)
    0x080001f2   0x080001f2   0x00000006   Code   RO         4618    .ARM.Collect$$libinit$$0000000F  c_w.l(libinit2.o)
    0x080001f8   0x080001f8   0x00000000   Code   RO         4620    .ARM.Collect$$libinit$$00000011  c_w.l(libinit2.o)
    0x080001f8   0x080001f8   0x0000000c   Code   RO         4621    .ARM.Collect$$libinit$$00000012  c_w.l(libinit2.o)
    0x08000204   0x08000204   0x00000000   Code   RO         4622    .ARM.Collect$$libinit$$00000013  c_w.l(libinit2.o)
    0x08000204   0x08000204   0x00000000   Code   RO         4624    .ARM.Collect$$libinit$$00000015  c_w.l(libinit2.o)
    0x08000204   0x08000204   0x0000000a   Code   RO         4625    .ARM.Collect$$libinit$$00000016  c_w.l(libinit2.o)
    0x0800020e   0x0800020e   0x00000000   Code   RO         4626    .ARM.Collect$$libinit$$00000017  c_w.l(libinit2.o)
    0x0800020e   0x0800020e   0x00000000   Code   RO         4628    .ARM.Collect$$libinit$$00000019  c_w.l(libinit2.o)
    0x0800020e   0x0800020e   0x00000000   Code   RO         4630    .ARM.Collect$$libinit$$0000001B  c_w.l(libinit2.o)
    0x0800020e   0x0800020e   0x00000000   Code   RO         4632    .ARM.Collect$$libinit$$0000001D  c_w.l(libinit2.o)
    0x0800020e   0x0800020e   0x00000000   Code   RO         4634    .ARM.Collect$$libinit$$0000001F  c_w.l(libinit2.o)
    0x0800020e   0x0800020e   0x00000000   Code   RO         4636    .ARM.Collect$$libinit$$00000021  c_w.l(libinit2.o)
    0x0800020e   0x0800020e   0x00000000   Code   RO         4638    .ARM.Collect$$libinit$$00000023  c_w.l(libinit2.o)
    0x0800020e   0x0800020e   0x00000000   Code   RO         4640    .ARM.Collect$$libinit$$00000025  c_w.l(libinit2.o)
    0x0800020e   0x0800020e   0x00000000   Code   RO         4644    .ARM.Collect$$libinit$$0000002C  c_w.l(libinit2.o)
    0x0800020e   0x0800020e   0x00000000   Code   RO         4646    .ARM.Collect$$libinit$$0000002E  c_w.l(libinit2.o)
    0x0800020e   0x0800020e   0x00000000   Code   RO         4648    .ARM.Collect$$libinit$$00000030  c_w.l(libinit2.o)
    0x0800020e   0x0800020e   0x00000000   Code   RO         4650    .ARM.Collect$$libinit$$00000032  c_w.l(libinit2.o)
    0x0800020e   0x0800020e   0x00000002   Code   RO         4651    .ARM.Collect$$libinit$$00000033  c_w.l(libinit2.o)
    0x08000210   0x08000210   0x00000002   Code   RO         4684    .ARM.Collect$$libshutdown$$00000000  c_w.l(libshutdown.o)
    0x08000212   0x08000212   0x00000000   Code   RO         4695    .ARM.Collect$$libshutdown$$00000002  c_w.l(libshutdown2.o)
    0x08000212   0x08000212   0x00000000   Code   RO         4697    .ARM.Collect$$libshutdown$$00000004  c_w.l(libshutdown2.o)
    0x08000212   0x08000212   0x00000000   Code   RO         4700    .ARM.Collect$$libshutdown$$00000007  c_w.l(libshutdown2.o)
    0x08000212   0x08000212   0x00000000   Code   RO         4703    .ARM.Collect$$libshutdown$$0000000A  c_w.l(libshutdown2.o)
    0x08000212   0x08000212   0x00000000   Code   RO         4705    .ARM.Collect$$libshutdown$$0000000C  c_w.l(libshutdown2.o)
    0x08000212   0x08000212   0x00000000   Code   RO         4708    .ARM.Collect$$libshutdown$$0000000F  c_w.l(libshutdown2.o)
    0x08000212   0x08000212   0x00000002   Code   RO         4709    .ARM.Collect$$libshutdown$$00000010  c_w.l(libshutdown2.o)
    0x08000214   0x08000214   0x00000000   Code   RO         4439    .ARM.Collect$$rtentry$$00000000  c_w.l(__rtentry.o)
    0x08000214   0x08000214   0x00000000   Code   RO         4526    .ARM.Collect$$rtentry$$00000002  c_w.l(__rtentry2.o)
    0x08000214   0x08000214   0x00000006   Code   RO         4538    .ARM.Collect$$rtentry$$00000004  c_w.l(__rtentry4.o)
    0x0800021a   0x0800021a   0x00000000   Code   RO         4528    .ARM.Collect$$rtentry$$00000009  c_w.l(__rtentry2.o)
    0x0800021a   0x0800021a   0x00000004   Code   RO         4529    .ARM.Collect$$rtentry$$0000000A  c_w.l(__rtentry2.o)
    0x0800021e   0x0800021e   0x00000000   Code   RO         4531    .ARM.Collect$$rtentry$$0000000C  c_w.l(__rtentry2.o)
    0x0800021e   0x0800021e   0x00000008   Code   RO         4532    .ARM.Collect$$rtentry$$0000000D  c_w.l(__rtentry2.o)
    0x08000226   0x08000226   0x00000002   Code   RO         4652    .ARM.Collect$$rtexit$$00000000  c_w.l(rtexit.o)
    0x08000228   0x08000228   0x00000000   Code   RO         4662    .ARM.Collect$$rtexit$$00000002  c_w.l(rtexit2.o)
    0x08000228   0x08000228   0x00000004   Code   RO         4663    .ARM.Collect$$rtexit$$00000003  c_w.l(rtexit2.o)
    0x0800022c   0x0800022c   0x00000006   Code   RO         4664    .ARM.Collect$$rtexit$$00000004  c_w.l(rtexit2.o)
    0x08000232   0x08000232   0x00000002   PAD
    0x08000234   0x08000234   0x00000040   Code   RO           20    .text               startup_stm32f10x_md.o
    0x08000274   0x08000274   0x00000024   Code   RO         4329    .text               c_w.l(vsprintf.o)
    0x08000298   0x08000298   0x0000002c   Code   RO         4331    .text               c_w.l(__2sprintf.o)
    0x080002c4   0x080002c4   0x00000038   Code   RO         4333    .text               c_w.l(__2snprintf.o)
    0x080002fc   0x080002fc   0x0000004e   Code   RO         4341    .text               c_w.l(_printf_pad.o)
    0x0800034a   0x0800034a   0x00000052   Code   RO         4343    .text               c_w.l(_printf_str.o)
    0x0800039c   0x0800039c   0x00000078   Code   RO         4345    .text               c_w.l(_printf_dec.o)
    0x08000414   0x08000414   0x00000188   Code   RO         4364    .text               c_w.l(__printf_flags_ss_wp.o)
    0x0800059c   0x0800059c   0x00000024   Code   RO         4371    .text               c_w.l(strstr.o)
    0x080005c0   0x080005c0   0x0000003e   Code   RO         4373    .text               c_w.l(strlen.o)
    0x080005fe   0x080005fe   0x0000008a   Code   RO         4375    .text               c_w.l(rt_memcpy_v6.o)
    0x08000688   0x08000688   0x00000064   Code   RO         4377    .text               c_w.l(rt_memcpy_w.o)
    0x080006ec   0x080006ec   0x00000044   Code   RO         4381    .text               c_w.l(rt_memclr.o)
    0x08000730   0x08000730   0x0000004e   Code   RO         4383    .text               c_w.l(rt_memclr_w.o)
    0x0800077e   0x0800077e   0x00000006   Code   RO         4385    .text               c_w.l(heapauxi.o)
    0x08000784   0x08000784   0x00000024   Code   RO         4440    .text               c_w.l(_printf_truncate.o)
    0x080007a8   0x080007a8   0x000000b2   Code   RO         4442    .text               c_w.l(_printf_intcommon.o)
    0x0800085a   0x0800085a   0x00000028   Code   RO         4444    .text               c_w.l(_printf_charcount.o)
    0x08000882   0x08000882   0x0000041e   Code   RO         4446    .text               c_w.l(_printf_fp_dec.o)
    0x08000ca0   0x08000ca0   0x00000030   Code   RO         4448    .text               c_w.l(_printf_char_common.o)
    0x08000cd0   0x08000cd0   0x0000000a   Code   RO         4450    .text               c_w.l(_sputc.o)
    0x08000cda   0x08000cda   0x00000010   Code   RO         4452    .text               c_w.l(_snputc.o)
    0x08000cea   0x08000cea   0x0000002c   Code   RO         4454    .text               c_w.l(_printf_char.o)
    0x08000d16   0x08000d16   0x00000002   PAD
    0x08000d18   0x08000d18   0x000000bc   Code   RO         4456    .text               c_w.l(_printf_wctomb.o)
    0x08000dd4   0x08000dd4   0x0000007c   Code   RO         4459    .text               c_w.l(_printf_longlong_dec.o)
    0x08000e50   0x08000e50   0x00000070   Code   RO         4465    .text               c_w.l(_printf_oct_int_ll.o)
    0x08000ec0   0x08000ec0   0x00000094   Code   RO         4485    .text               c_w.l(_printf_hex_int_ll_ptr.o)
    0x08000f54   0x08000f54   0x00000008   Code   RO         4543    .text               c_w.l(rt_locale_intlibspace.o)
    0x08000f5c   0x08000f5c   0x0000008a   Code   RO         4545    .text               c_w.l(lludiv10.o)
    0x08000fe6   0x08000fe6   0x00000002   PAD
    0x08000fe8   0x08000fe8   0x000002fc   Code   RO         4547    .text               c_w.l(_printf_fp_hex.o)
    0x080012e4   0x080012e4   0x00000080   Code   RO         4550    .text               c_w.l(_printf_fp_infnan.o)
    0x08001364   0x08001364   0x0000002c   Code   RO         4554    .text               c_w.l(_printf_wchar.o)
    0x08001390   0x08001390   0x000000e4   Code   RO         4556    .text               c_w.l(bigflt0.o)
    0x08001474   0x08001474   0x00000040   Code   RO         4581    .text               c_w.l(_wcrtomb.o)
    0x080014b4   0x080014b4   0x00000008   Code   RO         4590    .text               c_w.l(libspace.o)
    0x080014bc   0x080014bc   0x0000004a   Code   RO         4593    .text               c_w.l(sys_stackheap_outer.o)
    0x08001506   0x08001506   0x00000002   PAD
    0x08001508   0x08001508   0x00000010   Code   RO         4595    .text               c_w.l(rt_ctype_table.o)
    0x08001518   0x08001518   0x00000012   Code   RO         4597    .text               c_w.l(exit.o)
    0x0800152a   0x0800152a   0x00000002   PAD
    0x0800152c   0x0800152c   0x00000080   Code   RO         4599    .text               c_w.l(strcmpv7m.o)
    0x080015ac   0x080015ac   0x0000000c   Code   RO         4674    .text               c_w.l(sys_exit.o)
    0x080015b8   0x080015b8   0x00000002   Code   RO         4685    .text               c_w.l(use_no_semi.o)
    0x080015ba   0x080015ba   0x00000000   Code   RO         4687    .text               c_w.l(indicate_semi.o)
    0x080015ba   0x080015ba   0x0000003e   Code   RO         4559    CL$$btod_d2e        c_w.l(btod.o)
    0x080015f8   0x080015f8   0x00000046   Code   RO         4561    CL$$btod_d2e_denorm_low  c_w.l(btod.o)
    0x0800163e   0x0800163e   0x00000060   Code   RO         4560    CL$$btod_d2e_norm_op1  c_w.l(btod.o)
    0x0800169e   0x0800169e   0x00000338   Code   RO         4569    CL$$btod_div_common  c_w.l(btod.o)
    0x080019d6   0x080019d6   0x000000dc   Code   RO         4566    CL$$btod_e2e        c_w.l(btod.o)
    0x08001ab2   0x08001ab2   0x0000002a   Code   RO         4563    CL$$btod_ediv       c_w.l(btod.o)
    0x08001adc   0x08001adc   0x0000002a   Code   RO         4562    CL$$btod_emul       c_w.l(btod.o)
    0x08001b06   0x08001b06   0x00000244   Code   RO         4568    CL$$btod_mult_common  c_w.l(btod.o)
    0x08001d4a   0x08001d4a   0x00000016   Code   RO          202    i.ADC_Cmd           stm32f10x_adc.o
    0x08001d60   0x08001d60   0x00000016   Code   RO          203    i.ADC_DMACmd        stm32f10x_adc.o
    0x08001d76   0x08001d76   0x00000014   Code   RO          210    i.ADC_GetCalibrationStatus  stm32f10x_adc.o
    0x08001d8a   0x08001d8a   0x00000014   Code   RO          216    i.ADC_GetResetCalibrationStatus  stm32f10x_adc.o
    0x08001d9e   0x08001d9e   0x00000002   PAD
    0x08001da0   0x08001da0   0x00000050   Code   RO          220    i.ADC_Init          stm32f10x_adc.o
    0x08001df0   0x08001df0   0x000000b8   Code   RO          224    i.ADC_RegularChannelConfig  stm32f10x_adc.o
    0x08001ea8   0x08001ea8   0x0000000a   Code   RO          225    i.ADC_ResetCalibration  stm32f10x_adc.o
    0x08001eb2   0x08001eb2   0x00000016   Code   RO          227    i.ADC_SoftwareStartConvCmd  stm32f10x_adc.o
    0x08001ec8   0x08001ec8   0x0000000a   Code   RO          229    i.ADC_StartCalibration  stm32f10x_adc.o
    0x08001ed2   0x08001ed2   0x00000002   PAD
    0x08001ed4   0x08001ed4   0x000001d8   Code   RO         3791    i.AliIoT_Parameter_Init  mqtt.o
    0x080020ac   0x080020ac   0x00000012   Code   RO         3758    i.BEEP_Alarm        beep.o
    0x080020be   0x080020be   0x00000002   PAD
    0x080020c0   0x080020c0   0x0000003c   Code   RO         3759    i.BEEP_Init         beep.o
    0x080020fc   0x080020fc   0x00000014   Code   RO         3760    i.BEEP_Off          beep.o
    0x08002110   0x08002110   0x00000014   Code   RO         3761    i.BEEP_On           beep.o
    0x08002124   0x08002124   0x00000004   Code   RO         4221    i.BusFault_Handler  stm32f10x_it.o
    0x08002128   0x08002128   0x0000006c   Code   RO         3792    i.CMDBuf_Deal       mqtt.o
    0x08002194   0x08002194   0x0000004c   Code   RO         3557    i.ConvertToDecibel  lm2904.o
    0x080021e0   0x080021e0   0x00000038   Code   RO         3405    i.DHT_GPIO_Init     dht11.o
    0x08002218   0x08002218   0x00000064   Code   RO         3406    i.DHT_Get_Byte_Data  dht11.o
    0x0800227c   0x0800227c   0x0000004c   Code   RO         3407    i.DHT_Get_Temp_Humi_Data  dht11.o
    0x080022c8   0x080022c8   0x0000005c   Code   RO         3408    i.DHT_Start         dht11.o
    0x08002324   0x08002324   0x00000018   Code   RO          911    i.DMA_Cmd           stm32f10x_dma.o
    0x0800233c   0x0800233c   0x0000014c   Code   RO          912    i.DMA_DeInit        stm32f10x_dma.o
    0x08002488   0x08002488   0x0000003c   Code   RO          917    i.DMA_Init          stm32f10x_dma.o
    0x080024c4   0x080024c4   0x00000002   Code   RO         4222    i.DebugMon_Handler  stm32f10x_it.o
    0x080024c6   0x080024c6   0x00000022   Code   RO         3689    i.FucCheckSum       pm25.o
    0x080024e8   0x080024e8   0x0000003c   Code   RO         3479    i.GPIO_Config       lcd1602.o
    0x08002524   0x08002524   0x00000116   Code   RO         1347    i.GPIO_Init         stm32f10x_gpio.o
    0x0800263a   0x0800263a   0x00000002   PAD
    0x0800263c   0x0800263c   0x00000090   Code   RO         1349    i.GPIO_PinRemapConfig  stm32f10x_gpio.o
    0x080026cc   0x080026cc   0x00000012   Code   RO         1351    i.GPIO_ReadInputDataBit  stm32f10x_gpio.o
    0x080026de   0x080026de   0x00000008   Code   RO         1352    i.GPIO_ReadOutputData  stm32f10x_gpio.o
    0x080026e6   0x080026e6   0x00000004   Code   RO         1354    i.GPIO_ResetBits    stm32f10x_gpio.o
    0x080026ea   0x080026ea   0x00000004   Code   RO         1355    i.GPIO_SetBits      stm32f10x_gpio.o
    0x080026ee   0x080026ee   0x00000004   Code   RO         1357    i.GPIO_Write        stm32f10x_gpio.o
    0x080026f2   0x080026f2   0x0000000a   Code   RO         1358    i.GPIO_WriteBit     stm32f10x_gpio.o
    0x080026fc   0x080026fc   0x00000004   Code   RO         4223    i.HardFault_Handler  stm32f10x_it.o
    0x08002700   0x08002700   0x00000038   Code   RO         3454    i.Key_Init          keys.o
    0x08002738   0x08002738   0x000000dc   Code   RO         3455    i.Key_Scan          keys.o
    0x08002814   0x08002814   0x00000010   Code   RO         3480    i.LCD_Clear         lcd1602.o
    0x08002824   0x08002824   0x00000016   Code   RO         3481    i.LCD_ClearChar     lcd1602.o
    0x0800283a   0x0800283a   0x0000002c   Code   RO         3482    i.LCD_Init          lcd1602.o
    0x08002866   0x08002866   0x00000018   Code   RO         3483    i.LCD_PrintChar     lcd1602.o
    0x0800287e   0x0800287e   0x0000002a   Code   RO         3485    i.LCD_PrintString   lcd1602.o
    0x080028a8   0x080028a8   0x0000002c   Code   RO         3486    i.LCD_SetCursor     lcd1602.o
    0x080028d4   0x080028d4   0x00000054   Code   RO         3487    i.LCD_WriteCommand  lcd1602.o
    0x08002928   0x08002928   0x00000054   Code   RO         3488    i.LCD_WriteData     lcd1602.o
    0x0800297c   0x0800297c   0x00000100   Code   RO         3558    i.LM2904_Init       lm2904.o
    0x08002a7c   0x08002a7c   0x0000000c   Code   RO         3559    i.LM2904_ReadValue  lm2904.o
    0x08002a88   0x08002a88   0x0000009c   Code   RO         3793    i.MQTT_Buff_Init    mqtt.o
    0x08002b24   0x08002b24   0x00000104   Code   RO         3794    i.MQTT_Buff_ReInit  mqtt.o
    0x08002c28   0x08002c28   0x00000218   Code   RO         3795    i.MQTT_ConectPack   mqtt.o
    0x08002e40   0x08002e40   0x0000010c   Code   RO         3796    i.MQTT_DealPushdata_Qs0  mqtt.o
    0x08002f4c   0x08002f4c   0x0000001c   Code   RO         3797    i.MQTT_PingREQ      mqtt.o
    0x08002f68   0x08002f68   0x000000ec   Code   RO         3798    i.MQTT_PublishQs0   mqtt.o
    0x08003054   0x08003054   0x00000098   Code   RO         3799    i.MQTT_Subscribe    mqtt.o
    0x080030ec   0x080030ec   0x00000004   Code   RO         4224    i.MemManage_Handler  stm32f10x_it.o
    0x080030f0   0x080030f0   0x00000002   Code   RO         4225    i.NMI_Handler       stm32f10x_it.o
    0x080030f2   0x080030f2   0x00000002   PAD
    0x080030f4   0x080030f4   0x00000070   Code   RO          137    i.NVIC_Init         misc.o
    0x08003164   0x08003164   0x00000014   Code   RO          138    i.NVIC_PriorityGroupConfig  misc.o
    0x08003178   0x08003178   0x00000010   Code   RO         3690    i.PM25_GetCurrentData  pm25.o
    0x08003188   0x08003188   0x00000060   Code   RO         3692    i.PM25_ReceiveHandler  pm25.o
    0x080031e8   0x080031e8   0x000000f8   Code   RO         3693    i.ParsePM25Data     pm25.o
    0x080032e0   0x080032e0   0x00000002   Code   RO         4226    i.PendSV_Handler    stm32f10x_it.o
    0x080032e2   0x080032e2   0x00000002   PAD
    0x080032e4   0x080032e4   0x00000020   Code   RO         1774    i.RCC_AHBPeriphClockCmd  stm32f10x_rcc.o
    0x08003304   0x08003304   0x00000020   Code   RO         1775    i.RCC_APB1PeriphClockCmd  stm32f10x_rcc.o
    0x08003324   0x08003324   0x00000020   Code   RO         1776    i.RCC_APB1PeriphResetCmd  stm32f10x_rcc.o
    0x08003344   0x08003344   0x00000020   Code   RO         1777    i.RCC_APB2PeriphClockCmd  stm32f10x_rcc.o
    0x08003364   0x08003364   0x00000020   Code   RO         1778    i.RCC_APB2PeriphResetCmd  stm32f10x_rcc.o
    0x08003384   0x08003384   0x000000d4   Code   RO         1785    i.RCC_GetClocksFreq  stm32f10x_rcc.o
    0x08003458   0x08003458   0x00000002   Code   RO         4227    i.SVC_Handler       stm32f10x_it.o
    0x0800345a   0x0800345a   0x00000002   PAD
    0x0800345c   0x0800345c   0x000000b8   Code   RO         3588    i.Serial_Init       serial.o
    0x08003514   0x08003514   0x00000024   Code   RO         3590    i.Serial_Printf     serial.o
    0x08003538   0x08003538   0x0000001a   Code   RO         3591    i.Serial_SendArray  serial.o
    0x08003552   0x08003552   0x00000002   PAD
    0x08003554   0x08003554   0x00000020   Code   RO         3592    i.Serial_SendByte   serial.o
    0x08003574   0x08003574   0x0000001a   Code   RO         3594    i.Serial_SendString  serial.o
    0x0800358e   0x0800358e   0x00000008   Code   RO           24    i.SetSysClock       system_stm32f10x.o
    0x08003596   0x08003596   0x00000002   PAD
    0x08003598   0x08003598   0x000000e0   Code   RO           25    i.SetSysClockTo72   system_stm32f10x.o
    0x08003678   0x08003678   0x0000002c   Code   RO         3737    i.SoilHumidity_Init  ly69.o
    0x080036a4   0x080036a4   0x00000010   Code   RO         3738    i.SoilHumidity_Read  ly69.o
    0x080036b4   0x080036b4   0x00000002   Code   RO         4228    i.SysTick_Handler   stm32f10x_it.o
    0x080036b6   0x080036b6   0x00000002   PAD
    0x080036b8   0x080036b8   0x00000060   Code   RO           27    i.SystemInit        system_stm32f10x.o
    0x08003718   0x08003718   0x0000001c   Code   RO         4005    i.TIM1_UP_IRQHandler  timer1.o
    0x08003734   0x08003734   0x0000007c   Code   RO         4229    i.TIM2_IRQHandler   stm32f10x_it.o
    0x080037b0   0x080037b0   0x00000062   Code   RO         4032    i.TIM2_Int_Init     timer2.o
    0x08003812   0x08003812   0x00000002   PAD
    0x08003814   0x08003814   0x00000078   Code   RO         4049    i.TIM3_ENABLE_2S    timer3.o
    0x0800388c   0x0800388c   0x00000078   Code   RO         4050    i.TIM3_ENABLE_30S   timer3.o
    0x08003904   0x08003904   0x0000006c   Code   RO         4230    i.TIM3_IRQHandler   stm32f10x_it.o
    0x08003970   0x08003970   0x000000a8   Code   RO         4231    i.TIM4_IRQHandler   stm32f10x_it.o
    0x08003a18   0x08003a18   0x00000070   Code   RO         4067    i.TIM4_Init         timer4.o
    0x08003a88   0x08003a88   0x00000006   Code   RO         2416    i.TIM_ClearITPendingBit  stm32f10x_tim.o
    0x08003a8e   0x08003a8e   0x00000018   Code   RO         2421    i.TIM_Cmd           stm32f10x_tim.o
    0x08003aa6   0x08003aa6   0x00000002   PAD
    0x08003aa8   0x08003aa8   0x000001e8   Code   RO         2426    i.TIM_DeInit        stm32f10x_tim.o
    0x08003c90   0x08003c90   0x00000022   Code   RO         2442    i.TIM_GetITStatus   stm32f10x_tim.o
    0x08003cb2   0x08003cb2   0x00000012   Code   RO         2446    i.TIM_ITConfig      stm32f10x_tim.o
    0x08003cc4   0x08003cc4   0x00000004   Code   RO         2486    i.TIM_SetCounter    stm32f10x_tim.o
    0x08003cc8   0x08003cc8   0x000000a4   Code   RO         2492    i.TIM_TimeBaseInit  stm32f10x_tim.o
    0x08003d6c   0x08003d6c   0x00000064   Code   RO         4006    i.Timer1_Init       timer1.o
    0x08003dd0   0x08003dd0   0x00000064   Code   RO         3800    i.TxDataBuf_Deal    mqtt.o
    0x08003e34   0x08003e34   0x00000044   Code   RO         3595    i.USART1_IRQHandler  serial.o
    0x08003e78   0x08003e78   0x0000007c   Code   RO         4232    i.USART2_IRQHandler  stm32f10x_it.o
    0x08003ef4   0x08003ef4   0x0000007c   Code   RO         4233    i.USART3_IRQHandler  stm32f10x_it.o
    0x08003f70   0x08003f70   0x00000012   Code   RO         2956    i.USART_ClearFlag   stm32f10x_usart.o
    0x08003f82   0x08003f82   0x0000001e   Code   RO         2957    i.USART_ClearITPendingBit  stm32f10x_usart.o
    0x08003fa0   0x08003fa0   0x00000018   Code   RO         2960    i.USART_Cmd         stm32f10x_usart.o
    0x08003fb8   0x08003fb8   0x0000009c   Code   RO         2962    i.USART_DeInit      stm32f10x_usart.o
    0x08004054   0x08004054   0x0000001a   Code   RO         2963    i.USART_GetFlagStatus  stm32f10x_usart.o
    0x0800406e   0x0800406e   0x00000054   Code   RO         2964    i.USART_GetITStatus  stm32f10x_usart.o
    0x080040c2   0x080040c2   0x0000004a   Code   RO         2966    i.USART_ITConfig    stm32f10x_usart.o
    0x0800410c   0x0800410c   0x000000d8   Code   RO         2967    i.USART_Init        stm32f10x_usart.o
    0x080041e4   0x080041e4   0x0000000a   Code   RO         2974    i.USART_ReceiveData  stm32f10x_usart.o
    0x080041ee   0x080041ee   0x00000008   Code   RO         2977    i.USART_SendData    stm32f10x_usart.o
    0x080041f6   0x080041f6   0x00000002   PAD
    0x080041f8   0x080041f8   0x000000c0   Code   RO         4148    i.Upload_Sensor_Data  main.o
    0x080042b8   0x080042b8   0x00000004   Code   RO         4234    i.UsageFault_Handler  stm32f10x_it.o
    0x080042bc   0x080042bc   0x000000bc   Code   RO         4117    i.Usart3_Init       usart3.o
    0x08004378   0x08004378   0x00000148   Code   RO         3883    i.WiFi_Connect_IoTServer  wifi.o
    0x080044c0   0x080044c0   0x00000148   Code   RO         3884    i.WiFi_Connect_Server  wifi.o
    0x08004608   0x08004608   0x000000a8   Code   RO         3886    i.WiFi_JoinAP       wifi.o
    0x080046b0   0x080046b0   0x00000034   Code   RO         3887    i.WiFi_ResetIO_Init  wifi.o
    0x080046e4   0x080046e4   0x00000088   Code   RO         3888    i.WiFi_SendCmd      wifi.o
    0x0800476c   0x0800476c   0x00000028   Code   RO         4588    i.__ARM_fpclassify  m_ws.l(fpclassify.o)
    0x08004794   0x08004794   0x0000000e   Code   RO         4357    i._is_digit         c_w.l(__printf_wp.o)
    0x080047a2   0x080047a2   0x00000018   Code   RO         3409    i.delay_ms          dht11.o
    0x080047ba   0x080047ba   0x00000018   Code   RO         3489    i.delay_ms          lcd1602.o
    0x080047d2   0x080047d2   0x00000018   Code   RO         3671    i.delay_ms          delay.o
    0x080047ea   0x080047ea   0x00000022   Code   RO         3410    i.delay_us          dht11.o
    0x0800480c   0x0800480c   0x00000020   Code   RO         3490    i.delay_us          lcd1602.o
    0x0800482c   0x0800482c   0x00000020   Code   RO         3672    i.delay_us          delay.o
    0x0800484c   0x0800484c   0x00000a80   Code   RO         4149    i.main              main.o
    0x080052cc   0x080052cc   0x00000040   Code   RO         4118    i.u3_TxData         usart3.o
    0x0800530c   0x0800530c   0x0000005c   Code   RO         4119    i.u3_printf         usart3.o
    0x08005368   0x08005368   0x00000018   Code   RO         3275    i.utils_hb2hex      utils_md5.o
    0x08005380   0x08005380   0x000000e8   Code   RO         3229    i.utils_hmac_sha1   utils_hmac.o
    0x08005468   0x08005468   0x000000e8   Code   RO         3343    i.utils_sha1_finish  utils_sha1.o
    0x08005550   0x08005550   0x0000000e   Code   RO         3345    i.utils_sha1_init   utils_sha1.o
    0x0800555e   0x0800555e   0x00000002   PAD
    0x08005560   0x08005560   0x0000191c   Code   RO         3346    i.utils_sha1_process  utils_sha1.o
    0x08006e7c   0x08006e7c   0x0000002c   Code   RO         3347    i.utils_sha1_starts  utils_sha1.o
    0x08006ea8   0x08006ea8   0x0000007c   Code   RO         3348    i.utils_sha1_update  utils_sha1.o
    0x08006f24   0x08006f24   0x0000002c   Code   RO         4584    locale$$code        c_w.l(lc_numeric_c.o)
    0x08006f50   0x08006f50   0x0000002c   Code   RO         4655    locale$$code        c_w.l(lc_ctype_c.o)
    0x08006f7c   0x08006f7c   0x00000062   Code   RO         4389    x$fpl$d2f           fz_ws.l(d2f.o)
    0x08006fde   0x08006fde   0x00000002   PAD
    0x08006fe0   0x08006fe0   0x00000150   Code   RO         4391    x$fpl$dadd          fz_ws.l(daddsub_clz.o)
    0x08007130   0x08007130   0x000002b0   Code   RO         4398    x$fpl$ddiv          fz_ws.l(ddiv.o)
    0x080073e0   0x080073e0   0x00000026   Code   RO         4401    x$fpl$dfltu         fz_ws.l(dflt_clz.o)
    0x08007406   0x08007406   0x00000002   PAD
    0x08007408   0x08007408   0x00000154   Code   RO         4407    x$fpl$dmul          fz_ws.l(dmul.o)
    0x0800755c   0x0800755c   0x0000009c   Code   RO         4508    x$fpl$dnaninf       fz_ws.l(dnaninf.o)
    0x080075f8   0x080075f8   0x0000000c   Code   RO         4510    x$fpl$dretinf       fz_ws.l(dretinf.o)
    0x08007604   0x08007604   0x000001d4   Code   RO         4393    x$fpl$dsub          fz_ws.l(daddsub_clz.o)
    0x080077d8   0x080077d8   0x00000056   Code   RO         4409    x$fpl$f2d           fz_ws.l(f2d.o)
    0x0800782e   0x0800782e   0x00000002   PAD
    0x08007830   0x08007830   0x000000c4   Code   RO         4411    x$fpl$fadd          fz_ws.l(faddsub_clz.o)
    0x080078f4   0x080078f4   0x00000018   Code   RO         4512    x$fpl$fcmpinf       fz_ws.l(fcmpi.o)
    0x0800790c   0x0800790c   0x00000184   Code   RO         4418    x$fpl$fdiv          fz_ws.l(fdiv.o)
    0x08007a90   0x08007a90   0x00000068   Code   RO         4421    x$fpl$feqf          fz_ws.l(feqf.o)
    0x08007af8   0x08007af8   0x0000003e   Code   RO         4423    x$fpl$ffixu         fz_ws.l(ffixu.o)
    0x08007b36   0x08007b36   0x00000002   PAD
    0x08007b38   0x08007b38   0x00000030   Code   RO         4428    x$fpl$fflt          fz_ws.l(fflt_clz.o)
    0x08007b68   0x08007b68   0x00000026   Code   RO         4427    x$fpl$ffltu         fz_ws.l(fflt_clz.o)
    0x08007b8e   0x08007b8e   0x00000002   PAD
    0x08007b90   0x08007b90   0x00000068   Code   RO         4433    x$fpl$fleqf         fz_ws.l(fleqf.o)
    0x08007bf8   0x08007bf8   0x0000008c   Code   RO         4514    x$fpl$fnaninf       fz_ws.l(fnaninf.o)
    0x08007c84   0x08007c84   0x0000000a   Code   RO         4516    x$fpl$fretinf       fz_ws.l(fretinf.o)
    0x08007c8e   0x08007c8e   0x00000062   Code   RO         4435    x$fpl$frleqf        fz_ws.l(frleqf.o)
    0x08007cf0   0x08007cf0   0x000000ea   Code   RO         4413    x$fpl$fsub          fz_ws.l(faddsub_clz.o)
    0x08007dda   0x08007dda   0x00000004   Code   RO         4437    x$fpl$printf1       fz_ws.l(printf1.o)
    0x08007dde   0x08007dde   0x00000004   Code   RO         4518    x$fpl$printf2       fz_ws.l(printf2.o)
    0x08007de2   0x08007de2   0x00000000   Code   RO         4524    x$fpl$usenofp       fz_ws.l(usenofp.o)
    0x08007de2   0x08007de2   0x00000040   Data   RO         3350    .constdata          utils_sha1.o
    0x08007e22   0x08007e22   0x00000011   Data   RO         4365    .constdata          c_w.l(__printf_flags_ss_wp.o)
    0x08007e33   0x08007e33   0x00000001   PAD
    0x08007e34   0x08007e34   0x00000008   Data   RO         4457    .constdata          c_w.l(_printf_wctomb.o)
    0x08007e3c   0x08007e3c   0x00000028   Data   RO         4486    .constdata          c_w.l(_printf_hex_int_ll_ptr.o)
    0x08007e64   0x08007e64   0x00000026   Data   RO         4548    .constdata          c_w.l(_printf_fp_hex.o)
    0x08007e8a   0x08007e8a   0x00000002   PAD
    0x08007e8c   0x08007e8c   0x00000094   Data   RO         4557    .constdata          c_w.l(bigflt0.o)
    0x08007f20   0x08007f20   0x000000cb   Data   RO         4150    .conststring        main.o
    0x08007feb   0x08007feb   0x00000001   PAD
    0x08007fec   0x08007fec   0x00000020   Data   RO         4734    Region$$Table       anon$$obj.o
    0x0800800c   0x0800800c   0x0000001c   Data   RO         4583    locale$$data        c_w.l(lc_numeric_c.o)
    0x08008028   0x08008028   0x00000110   Data   RO         4654    locale$$data        c_w.l(lc_ctype_c.o)


    Execution Region RW_IRAM1 (Exec base: 0x20000000, Load base: 0x08008138, Size: 0x00004b10, Max: 0x00005000, ABSOLUTE)

    Exec Addr    Load Addr    Size         Type   Attr      Idx    E Section Name        Object

    0x20000000   0x08008138   0x00000014   Data   RW         1805    .data               stm32f10x_rcc.o
    0x20000014   0x0800814c   0x00000005   Data   RW         3456    .data               keys.o
    0x20000019   0x08008151   0x00000001   PAD
    0x2000001a   0x08008152   0x00000002   Data   RW         3560    .data               lm2904.o
    0x2000001c   0x08008154   0x00000002   Data   RW         3597    .data               serial.o
    0x2000001e   0x08008156   0x00000003   Data   RW         3695    .data               pm25.o
    0x20000021   0x08008159   0x00000003   PAD
    0x20000024   0x0800815c   0x00000044   Data   RW         3802    .data               mqtt.o
    0x20000068   0x080081a0   0x00000008   Data   RW         4086    .data               usart2.o
    0x20000070   0x080081a8   0x00000008   Data   RW         4121    .data               usart3.o
    0x20000078   0x080081b0   0x0000001c   Data   RW         4151    .data               main.o
    0x20000094   0x080081cc   0x00000001   Data   RW         4235    .data               stm32f10x_it.o
    0x20000095   0x080081cd   0x00000003   PAD
    0x20000098        -       0x00000015   Zero   RW         3694    .bss                pm25.o
    0x200000ad        -       0x00003400   Zero   RW         3801    .bss                mqtt.o
    0x200034ad   0x080081cd   0x00000003   PAD
    0x200034b0        -       0x00000800   Zero   RW         4085    .bss                usart2.o
    0x20003cb0        -       0x00000800   Zero   RW         4120    .bss                usart3.o
    0x200044b0        -       0x00000060   Zero   RW         4591    .bss                c_w.l(libspace.o)
    0x20004510        -       0x00000200   Zero   RW           18    HEAP                startup_stm32f10x_md.o
    0x20004710        -       0x00000400   Zero   RW           17    STACK               startup_stm32f10x_md.o


==============================================================================

Image component sizes


      Code (inc. data)   RO Data    RW Data    ZI Data      Debug   Object Name

       118         20          0          0          0       1806   beep.o
         0          0          0          0          0       4564   core_cm3.o
        56          0          0          0          0        950   delay.o
       382         16          0          0          0       3433   dht11.o
       276         28          0          5          0       1650   keys.o
       476         14          0          0          0       5616   lcd1602.o
       344         40          0          2          0       2300   lm2904.o
        60         10          0          0          0        948   ly69.o
      2880       1050        203         28          0       4912   main.o
       132         22          0          0          0     213799   misc.o
      2316        586          0         68      13312       8226   mqtt.o
       394         72          0          3         21       2962   pm25.o
       372         28          0          2          0       5045   serial.o
        64         26        236          0       1536        788   startup_stm32f10x_md.o
       390         10          0          0          0      17737   stm32f10x_adc.o
       416          8          0          0          0      13078   stm32f10x_dma.o
       470          6          0          0          0      14169   stm32f10x_gpio.o
       674        112          0          1          0       6320   stm32f10x_it.o
       372         50          0         20          0      14612   stm32f10x_rcc.o
       738        106          0          0          0      24920   stm32f10x_tim.o
       646         28          0          0          0      13612   stm32f10x_usart.o
       328         28          0          0          0      55045   system_stm32f10x.o
       128         12          0          0          0       1095   timer1.o
        98          0          0          0          0        644   timer2.o
       240         10          0          0          0       1131   timer3.o
       112          6          0          0          0        660   timer4.o
         0          0          0          8       2048        786   usart2.o
       344         22          0          8       2048       2620   usart3.o
       232          0          0          0          0       2778   utils_hmac.o
        24          0          0          0          0        511   utils_md5.o
      6842         40         64          0          0       5687   utils_sha1.o
      1012        488          0          0          0       3024   wifi.o

    ----------------------------------------------------------------------
     20964       2838        536        152      18968     435428   Object Totals
         0          0         32          0          0          0   (incl. Generated)
        28          0          1          7          3          0   (incl. Padding)

    ----------------------------------------------------------------------

      Code (inc. data)   RO Data    RW Data    ZI Data      Debug   Library Member Name

        56          6          0          0          0         88   __2snprintf.o
        44          6          0          0          0         84   __2sprintf.o
         8          0          0          0          0         68   __main.o
       392          4         17          0          0         92   __printf_flags_ss_wp.o
        14          0          0          0          0         68   __printf_wp.o
         0          0          0          0          0          0   __rtentry.o
        12          0          0          0          0          0   __rtentry2.o
         6          0          0          0          0          0   __rtentry4.o
        52          8          0          0          0          0   __scatter.o
        26          0          0          0          0          0   __scatter_copy.o
        28          0          0          0          0          0   __scatter_zi.o
         6          0          0          0          0          0   _printf_a.o
         6          0          0          0          0          0   _printf_c.o
        44          0          0          0          0        108   _printf_char.o
        48          6          0          0          0         96   _printf_char_common.o
        40          0          0          0          0         68   _printf_charcount.o
         6          0          0          0          0          0   _printf_d.o
       120         16          0          0          0         92   _printf_dec.o
         6          0          0          0          0          0   _printf_e.o
         6          0          0          0          0          0   _printf_f.o
      1054          0          0          0          0        216   _printf_fp_dec.o
       764          8         38          0          0        100   _printf_fp_hex.o
       128         16          0          0          0         84   _printf_fp_infnan.o
         6          0          0          0          0          0   _printf_g.o
       148          4         40          0          0        160   _printf_hex_int_ll_ptr.o
         6          0          0          0          0          0   _printf_i.o
       178          0          0          0          0         88   _printf_intcommon.o
        10          0          0          0          0          0   _printf_l.o
         6          0          0          0          0          0   _printf_lc.o
        10          0          0          0          0          0   _printf_ll.o
         6          0          0          0          0          0   _printf_lld.o
         6          0          0          0          0          0   _printf_lli.o
         6          0          0          0          0          0   _printf_llo.o
         6          0          0          0          0          0   _printf_llu.o
         6          0          0          0          0          0   _printf_llx.o
       124         16          0          0          0         92   _printf_longlong_dec.o
         6          0          0          0          0          0   _printf_ls.o
         6          0          0          0          0          0   _printf_n.o
         6          0          0          0          0          0   _printf_o.o
       112         10          0          0          0        124   _printf_oct_int_ll.o
         6          0          0          0          0          0   _printf_p.o
        78          0          0          0          0        108   _printf_pad.o
         0          0          0          0          0          0   _printf_percent.o
         4          0          0          0          0          0   _printf_percent_end.o
         6          0          0          0          0          0   _printf_s.o
        82          0          0          0          0         80   _printf_str.o
        36          0          0          0          0         84   _printf_truncate.o
         6          0          0          0          0          0   _printf_u.o
        44          0          0          0          0        108   _printf_wchar.o
       188          6          8          0          0         92   _printf_wctomb.o
         6          0          0          0          0          0   _printf_x.o
        16          0          0          0          0         68   _snputc.o
        10          0          0          0          0         68   _sputc.o
        64          0          0          0          0         92   _wcrtomb.o
       228          4        148          0          0         96   bigflt0.o
      1936        128          0          0          0        672   btod.o
        18          0          0          0          0         80   exit.o
         6          0          0          0          0        152   heapauxi.o
         0          0          0          0          0          0   indicate_semi.o
        44         10        272          0          0         76   lc_ctype_c.o
        44         10         28          0          0         76   lc_numeric_c.o
         2          0          0          0          0          0   libinit.o
        30          0          0          0          0          0   libinit2.o
         2          0          0          0          0          0   libshutdown.o
         2          0          0          0          0          0   libshutdown2.o
         8          4          0          0         96         68   libspace.o
       138          0          0          0          0         80   lludiv10.o
        16          4          0          0          0         76   rt_ctype_table.o
         8          4          0          0          0         68   rt_locale_intlibspace.o
        68          0          0          0          0         68   rt_memclr.o
        78          0          0          0          0         80   rt_memclr_w.o
       138          0          0          0          0         68   rt_memcpy_v6.o
       100          0          0          0          0         80   rt_memcpy_w.o
         2          0          0          0          0          0   rtexit.o
        10          0          0          0          0          0   rtexit2.o
       128          0          0          0          0         68   strcmpv7m.o
        62          0          0          0          0         76   strlen.o
        36          0          0          0          0         80   strstr.o
        12          4          0          0          0         68   sys_exit.o
        74          0          0          0          0         80   sys_stackheap_outer.o
         2          0          0          0          0         68   use_no_semi.o
        36          4          0          0          0         76   vsprintf.o
        98          4          0          0          0         92   d2f.o
       804         16          0          0          0        272   daddsub_clz.o
       688        140          0          0          0        208   ddiv.o
        38          0          0          0          0         68   dflt_clz.o
       340         12          0          0          0        104   dmul.o
       156          4          0          0          0         92   dnaninf.o
        12          0          0          0          0         68   dretinf.o
        86          4          0          0          0         84   f2d.o
       430          8          0          0          0        168   faddsub_clz.o
        24          0          0          0          0         68   fcmpi.o
       388         76          0          0          0         96   fdiv.o
       104          4          0          0          0         84   feqf.o
        62          4          0          0          0         84   ffixu.o
        86          0          0          0          0        136   fflt_clz.o
       104          4          0          0          0         84   fleqf.o
       140          4          0          0          0         84   fnaninf.o
        10          0          0          0          0         68   fretinf.o
        98          0          0          0          0         68   frleqf.o
         4          0          0          0          0         68   printf1.o
         4          0          0          0          0         68   printf2.o
         0          0          0          0          0          0   usenofp.o
        40          0          0          0          0         68   fpclassify.o

    ----------------------------------------------------------------------
     11026        558        554          0         96       6716   Library Totals
        22          0          3          0          0          0   (incl. Padding)

    ----------------------------------------------------------------------

      Code (inc. data)   RO Data    RW Data    ZI Data      Debug   Library Name

      7288        278        551          0         96       4584   c_w.l
      3676        280          0          0          0       2064   fz_ws.l
        40          0          0          0          0         68   m_ws.l

    ----------------------------------------------------------------------
     11026        558        554          0         96       6716   Library Totals

    ----------------------------------------------------------------------

==============================================================================


      Code (inc. data)   RO Data    RW Data    ZI Data      Debug   

     31990       3396       1090        152      19064     431584   Grand Totals
     31990       3396       1090        152      19064     431584   ELF Image Totals
     31990       3396       1090        152          0          0   ROM Totals

==============================================================================

    Total RO  Size (Code + RO Data)                33080 (  32.30kB)
    Total RW  Size (RW Data + ZI Data)             19216 (  18.77kB)
    Total ROM Size (Code + RO Data + RW Data)      33232 (  32.45kB)

==============================================================================

